******************************************************************************
                  TI ARM Linker Unix v18.12.4                  
******************************************************************************
>> Linked Mon Feb 10 17:23:29 2020

OUTPUT FILE NAME:   <TImer_Up_Long.out>
ENTRY POINT SYMBOL: "_c_int00_noargs"  address: 00000609


MEMORY CONFIGURATION

         name            origin    length      used     unused   attr    fill
----------------------  --------  ---------  --------  --------  ----  --------
  MAIN                  00000000   00200000  00000678  001ff988  R  X
  INFO                  00200000   00008000  00000000  00008000  R  X
  SRAM_CODE             01000000   00040000  00000204  0003fdfc  RW X
  SRAM_DATA             20000000   00040000  00000204  0003fdfc  RW  


SEGMENT ALLOCATION MAP

run origin  load origin   length   init length attrs members
----------  ----------- ---------- ----------- ----- -------
00000000    00000000    00000678   00000678    r-x
  00000000    00000000    000000e8   000000e8    r-- .intvecs
  000000e8    000000e8    00000578   00000578    r-x .text
  00000660    00000660    00000018   00000018    r-- .cinit
20000000    20000000    00000004   00000000    rw-
  20000000    20000000    00000004   00000000    rw- .data
2003fe00    2003fe00    00000200   00000000    rw-
  2003fe00    2003fe00    00000200   00000000    rw- .stack


SECTION ALLOCATION MAP

 output                                  attributes/
section   page    origin      length       input sections
--------  ----  ----------  ----------   ----------------
.intvecs   0    00000000    000000e8     
                  00000000    000000e8     startup_msp432p4111_ccs.obj (.intvecs:retain)

.text      0    000000e8    00000578     
                  000000e8    00000350     system_msp432p4111.obj (.text)
                  00000438    0000009c     rtsv7M4_T_le_v4SPD16_eabi.lib : memcpy_t2.asm.obj (.text)
                  000004d4    00000088     main.obj (.text)
                  0000055c    00000068     rtsv7M4_T_le_v4SPD16_eabi.lib : copy_decompress_lzss.c.obj (.text:decompress:lzss:__TI_decompress_lzss)
                  000005c4    00000044                                   : autoinit.c.obj (.text:__TI_auto_init_nobinit_nopinit:__TI_auto_init_nobinit_nopinit)
                  00000608    00000034                                   : boot_cortex_m.c.obj (.text:_c_int00_noargs:_c_int00_noargs)
                  0000063c    0000000e                                   : copy_decompress_none.c.obj (.text:decompress:none:__TI_decompress_none)
                  0000064a    0000000e     startup_msp432p4111_ccs.obj (.text)
                  00000658    00000004     rtsv7M4_T_le_v4SPD16_eabi.lib : pre_init.c.obj (.text:_system_pre_init)
                  0000065c    00000004                                   : exit.c.obj (.text:abort:abort)

.cinit     0    00000660    00000018     
                  00000660    00000008     (.cinit..data.load) [load image, compression = lzss]
                  00000668    00000008     (__TI_handler_table)
                  00000670    00000008     (__TI_cinit_table)

.init_array 
*          0    00000000    00000000     UNINITIALIZED

.binit     0    00000000    00000000     

.data      0    20000000    00000004     UNINITIALIZED
                  20000000    00000004     system_msp432p4111.obj (.data)

.stack     0    2003fe00    00000200     UNINITIALIZED
                  2003fe00    00000004     rtsv7M4_T_le_v4SPD16_eabi.lib : boot_cortex_m.c.obj (.stack)
                  2003fe04    000001fc     --HOLE--

MODULE SUMMARY

       Module                        code   ro data   rw data
       ------                        ----   -------   -------
    ./
       system_msp432p4111.obj        848    0         8      
       startup_msp432p4111_ccs.obj   14     232       0      
       main.obj                      136    0         0      
    +--+-----------------------------+------+---------+---------+
       Total:                        998    232       8      
                                                             
    /Applications/ti/ccs930/ccs/tools/compiler/ti-cgt-arm_18.12.4.LTS/lib/rtsv7M4_T_le_v4SPD16_eabi.lib
       memcpy_t2.asm.obj             156    0         0      
       copy_decompress_lzss.c.obj    104    0         0      
       autoinit.c.obj                68     0         0      
       boot_cortex_m.c.obj           52     0         0      
       copy_decompress_none.c.obj    14     0         0      
       exit.c.obj                    4      0         0      
       pre_init.c.obj                4      0         0      
    +--+-----------------------------+------+---------+---------+
       Total:                        402    0         0      
                                                             
       Stack:                        0      0         1024   
       Linker Generated:             0      24        0      
    +--+-----------------------------+------+---------+---------+
       Grand Total:                  1400   256       1032   


LINKER GENERATED COPY TABLES

__TI_cinit_table @ 00000670 records: 1, size/record: 8, table size: 8
	.data: load addr=00000660, load size=00000008 bytes, run addr=20000000, run size=00000004 bytes, compression=lzss


LINKER GENERATED HANDLER TABLE

__TI_handler_table @ 00000668 records: 2, size/record: 4, table size: 8
	index: 0, handler: __TI_decompress_lzss
	index: 1, handler: __TI_decompress_none


GLOBAL SYMBOLS: SORTED ALPHABETICALLY BY Name 

address   name                          
-------   ----                          
00000657  ADC14_IRQHandler              
00000657  AES256_IRQHandler             
00000657  BusFault_Handler              
0000065d  C$$EXIT                       
00000657  COMP_E0_IRQHandler            
00000657  COMP_E1_IRQHandler            
00000657  CS_IRQHandler                 
00000657  DMA_ERR_IRQHandler            
00000657  DMA_INT0_IRQHandler           
00000657  DMA_INT1_IRQHandler           
00000657  DMA_INT2_IRQHandler           
00000657  DMA_INT3_IRQHandler           
00000657  DebugMon_Handler              
00000657  Default_Handler               
00000657  EUSCIA0_IRQHandler            
00000657  EUSCIA1_IRQHandler            
00000657  EUSCIA2_IRQHandler            
00000657  EUSCIA3_IRQHandler            
00000657  EUSCIB0_IRQHandler            
00000657  EUSCIB1_IRQHandler            
00000657  EUSCIB2_IRQHandler            
00000657  EUSCIB3_IRQHandler            
00000657  FLCTL_A_IRQHandler            
00000657  FPU_IRQHandler                
00000657  HardFault_Handler             
00000657  LCD_F_IRQHandler              
00000657  MemManage_Handler             
00000657  NMI_Handler                   
00000657  PCM_IRQHandler                
00000657  PORT1_IRQHandler              
00000657  PORT2_IRQHandler              
00000657  PORT3_IRQHandler              
00000657  PORT4_IRQHandler              
00000657  PORT5_IRQHandler              
00000657  PORT6_IRQHandler              
00000657  PSS_IRQHandler                
00000657  PendSV_Handler                
00000657  RTC_C_IRQHandler              
0000064b  Reset_Handler                 
00000657  SVC_Handler                   
00000657  SysTick_Handler               
20000000  SystemCoreClock               
000000e9  SystemCoreClockUpdate         
00000361  SystemInit                    
00000657  T32_INT1_IRQHandler           
00000657  T32_INT2_IRQHandler           
00000657  T32_INTC_IRQHandler           
00000657  TA0_0_IRQHandler              
00000657  TA0_N_IRQHandler              
00000657  TA1_0_IRQHandler              
00000657  TA1_N_IRQHandler              
00000657  TA2_0_IRQHandler              
00000657  TA2_N_IRQHandler              
00000657  TA3_0_IRQHandler              
00000657  TA3_N_IRQHandler              
00000657  UsageFault_Handler            
4000480c  WDTCTL_SYM                    
00000657  WDT_A_IRQHandler              
20040000  __STACK_END                   
00000200  __STACK_SIZE                  
00000670  __TI_CINIT_Base               
00000678  __TI_CINIT_Limit              
00000668  __TI_Handler_Table_Base       
00000670  __TI_Handler_Table_Limit      
000005c5  __TI_auto_init_nobinit_nopinit
0000055d  __TI_decompress_lzss          
0000063d  __TI_decompress_none          
ffffffff  __TI_pprof_out_hndl           
ffffffff  __TI_prof_data_size           
ffffffff  __TI_prof_data_start          
00000000  __TI_static_base__            
00000439  __aeabi_memcpy                
00000439  __aeabi_memcpy4               
00000439  __aeabi_memcpy8               
ffffffff  __binit__                     
ffffffff  __c_args__                    
UNDEFED   __mpu_init                    
2003fe00  __stack                       
00000609  _c_int00_noargs               
UNDEFED   _system_post_cinit            
00000659  _system_pre_init              
0000065d  abort                         
ffffffff  binit                         
00000000  interruptVectors              
000004d5  main                          
00000439  memcpy                        


GLOBAL SYMBOLS: SORTED BY Symbol Address 

address   name                          
-------   ----                          
00000000  __TI_static_base__            
00000000  interruptVectors              
000000e9  SystemCoreClockUpdate         
00000200  __STACK_SIZE                  
00000361  SystemInit                    
00000439  __aeabi_memcpy                
00000439  __aeabi_memcpy4               
00000439  __aeabi_memcpy8               
00000439  memcpy                        
000004d5  main                          
0000055d  __TI_decompress_lzss          
000005c5  __TI_auto_init_nobinit_nopinit
00000609  _c_int00_noargs               
0000063d  __TI_decompress_none          
0000064b  Reset_Handler                 
00000657  ADC14_IRQHandler              
00000657  AES256_IRQHandler             
00000657  BusFault_Handler              
00000657  COMP_E0_IRQHandler            
00000657  COMP_E1_IRQHandler            
00000657  CS_IRQHandler                 
00000657  DMA_ERR_IRQHandler            
00000657  DMA_INT0_IRQHandler           
00000657  DMA_INT1_IRQHandler           
00000657  DMA_INT2_IRQHandler           
00000657  DMA_INT3_IRQHandler           
00000657  DebugMon_Handler              
00000657  Default_Handler               
00000657  EUSCIA0_IRQHandler            
00000657  EUSCIA1_IRQHandler            
00000657  EUSCIA2_IRQHandler            
00000657  EUSCIA3_IRQHandler            
00000657  EUSCIB0_IRQHandler            
00000657  EUSCIB1_IRQHandler            
00000657  EUSCIB2_IRQHandler            
00000657  EUSCIB3_IRQHandler            
00000657  FLCTL_A_IRQHandler            
00000657  FPU_IRQHandler                
00000657  HardFault_Handler             
00000657  LCD_F_IRQHandler              
00000657  MemManage_Handler             
00000657  NMI_Handler                   
00000657  PCM_IRQHandler                
00000657  PORT1_IRQHandler              
00000657  PORT2_IRQHandler              
00000657  PORT3_IRQHandler              
00000657  PORT4_IRQHandler              
00000657  PORT5_IRQHandler              
00000657  PORT6_IRQHandler              
00000657  PSS_IRQHandler                
00000657  PendSV_Handler                
00000657  RTC_C_IRQHandler              
00000657  SVC_Handler                   
00000657  SysTick_Handler               
00000657  T32_INT1_IRQHandler           
00000657  T32_INT2_IRQHandler           
00000657  T32_INTC_IRQHandler           
00000657  TA0_0_IRQHandler              
00000657  TA0_N_IRQHandler              
00000657  TA1_0_IRQHandler              
00000657  TA1_N_IRQHandler              
00000657  TA2_0_IRQHandler              
00000657  TA2_N_IRQHandler              
00000657  TA3_0_IRQHandler              
00000657  TA3_N_IRQHandler              
00000657  UsageFault_Handler            
00000657  WDT_A_IRQHandler              
00000659  _system_pre_init              
0000065d  C$$EXIT                       
0000065d  abort                         
00000668  __TI_Handler_Table_Base       
00000670  __TI_CINIT_Base               
00000670  __TI_Handler_Table_Limit      
00000678  __TI_CINIT_Limit              
20000000  SystemCoreClock               
2003fe00  __stack                       
20040000  __STACK_END                   
4000480c  WDTCTL_SYM                    
ffffffff  __TI_pprof_out_hndl           
ffffffff  __TI_prof_data_size           
ffffffff  __TI_prof_data_start          
ffffffff  __binit__                     
ffffffff  __c_args__                    
ffffffff  binit                         
UNDEFED   __mpu_init                    
UNDEFED   _system_post_cinit            

[86 symbols]
