******************************************************************************
                  TI ARM Linker Unix v18.12.4                  
******************************************************************************
>> Linked Fri Mar  6 16:10:49 2020

OUTPUT FILE NAME:   <Timer_All_PWMs.out>
ENTRY POINT SYMBOL: "_c_int00_noargs"  address: 000006e1


MEMORY CONFIGURATION

         name            origin    length      used     unused   attr    fill
----------------------  --------  ---------  --------  --------  ----  --------
  MAIN                  00000000   00200000  00000750  001ff8b0  R  X
  INFO                  00200000   00008000  00000000  00008000  R  X
  SRAM_CODE             01000000   00040000  00000204  0003fdfc  RW X
  SRAM_DATA             20000000   00040000  00000204  0003fdfc  RW  


SEGMENT ALLOCATION MAP

run origin  load origin   length   init length attrs members
----------  ----------- ---------- ----------- ----- -------
00000000    00000000    00000750   00000750    r-x
  00000000    00000000    000000e8   000000e8    r-- .intvecs
  000000e8    000000e8    00000650   00000650    r-x .text
  00000738    00000738    00000018   00000018    r-- .cinit
20000000    20000000    00000004   00000000    rw-
  20000000    20000000    00000004   00000000    rw- .data
2003fe00    2003fe00    00000200   00000000    rw-
  2003fe00    2003fe00    00000200   00000000    rw- .stack


SECTION ALLOCATION MAP

 output                                  attributes/
section   page    origin      length       input sections
--------  ----  ----------  ----------   ----------------
.intvecs   0    00000000    000000e8     
                  00000000    000000e8     startup_msp432p4111_ccs.obj (.intvecs:retain)

.text      0    000000e8    00000650     
                  000000e8    00000350     system_msp432p4111.obj (.text)
                  00000438    00000160     main.obj (.text)
                  00000598    0000009c     rtsv7M4_T_le_v4SPD16_eabi.lib : memcpy_t2.asm.obj (.text)
                  00000634    00000068                                   : copy_decompress_lzss.c.obj (.text:decompress:lzss:__TI_decompress_lzss)
                  0000069c    00000044                                   : autoinit.c.obj (.text:__TI_auto_init_nobinit_nopinit:__TI_auto_init_nobinit_nopinit)
                  000006e0    00000034                                   : boot_cortex_m.c.obj (.text:_c_int00_noargs:_c_int00_noargs)
                  00000714    0000000e                                   : copy_decompress_none.c.obj (.text:decompress:none:__TI_decompress_none)
                  00000722    0000000e     startup_msp432p4111_ccs.obj (.text)
                  00000730    00000004     rtsv7M4_T_le_v4SPD16_eabi.lib : pre_init.c.obj (.text:_system_pre_init)
                  00000734    00000004                                   : exit.c.obj (.text:abort:abort)

.cinit     0    00000738    00000018     
                  00000738    00000008     (.cinit..data.load) [load image, compression = lzss]
                  00000740    00000008     (__TI_handler_table)
                  00000748    00000008     (__TI_cinit_table)

.init_array 
*          0    00000000    00000000     UNINITIALIZED

.binit     0    00000000    00000000     

.data      0    20000000    00000004     UNINITIALIZED
                  20000000    00000004     system_msp432p4111.obj (.data)

.stack     0    2003fe00    00000200     UNINITIALIZED
                  2003fe00    00000004     rtsv7M4_T_le_v4SPD16_eabi.lib : boot_cortex_m.c.obj (.stack)
                  2003fe04    000001fc     --HOLE--

MODULE SUMMARY

       Module                        code   ro data   rw data
       ------                        ----   -------   -------
    ./
       system_msp432p4111.obj        848    0         8      
       main.obj                      352    0         0      
       startup_msp432p4111_ccs.obj   14     232       0      
    +--+-----------------------------+------+---------+---------+
       Total:                        1214   232       8      
                                                             
    /Applications/ti/ccs930/ccs/tools/compiler/ti-cgt-arm_18.12.4.LTS/lib/rtsv7M4_T_le_v4SPD16_eabi.lib
       memcpy_t2.asm.obj             156    0         0      
       copy_decompress_lzss.c.obj    104    0         0      
       autoinit.c.obj                68     0         0      
       boot_cortex_m.c.obj           52     0         0      
       copy_decompress_none.c.obj    14     0         0      
       exit.c.obj                    4      0         0      
       pre_init.c.obj                4      0         0      
    +--+-----------------------------+------+---------+---------+
       Total:                        402    0         0      
                                                             
       Stack:                        0      0         1024   
       Linker Generated:             0      24        0      
    +--+-----------------------------+------+---------+---------+
       Grand Total:                  1616   256       1032   


LINKER GENERATED COPY TABLES

__TI_cinit_table @ 00000748 records: 1, size/record: 8, table size: 8
	.data: load addr=00000738, load size=00000008 bytes, run addr=20000000, run size=00000004 bytes, compression=lzss


LINKER GENERATED HANDLER TABLE

__TI_handler_table @ 00000740 records: 2, size/record: 4, table size: 8
	index: 0, handler: __TI_decompress_lzss
	index: 1, handler: __TI_decompress_none


GLOBAL SYMBOLS: SORTED ALPHABETICALLY BY Name 

address   name                          
-------   ----                          
0000072f  ADC14_IRQHandler              
0000072f  AES256_IRQHandler             
0000072f  BusFault_Handler              
00000735  C$$EXIT                       
0000072f  COMP_E0_IRQHandler            
0000072f  COMP_E1_IRQHandler            
0000072f  CS_IRQHandler                 
0000072f  DMA_ERR_IRQHandler            
0000072f  DMA_INT0_IRQHandler           
0000072f  DMA_INT1_IRQHandler           
0000072f  DMA_INT2_IRQHandler           
0000072f  DMA_INT3_IRQHandler           
0000072f  DebugMon_Handler              
0000072f  Default_Handler               
0000072f  EUSCIA0_IRQHandler            
0000072f  EUSCIA1_IRQHandler            
0000072f  EUSCIA2_IRQHandler            
0000072f  EUSCIA3_IRQHandler            
0000072f  EUSCIB0_IRQHandler            
0000072f  EUSCIB1_IRQHandler            
0000072f  EUSCIB2_IRQHandler            
0000072f  EUSCIB3_IRQHandler            
0000072f  FLCTL_A_IRQHandler            
0000072f  FPU_IRQHandler                
0000072f  HardFault_Handler             
0000072f  LCD_F_IRQHandler              
0000072f  MemManage_Handler             
0000072f  NMI_Handler                   
0000072f  PCM_IRQHandler                
0000072f  PORT1_IRQHandler              
0000072f  PORT2_IRQHandler              
0000072f  PORT3_IRQHandler              
0000072f  PORT4_IRQHandler              
0000072f  PORT5_IRQHandler              
0000072f  PORT6_IRQHandler              
0000072f  PSS_IRQHandler                
0000072f  PendSV_Handler                
0000072f  RTC_C_IRQHandler              
00000723  Reset_Handler                 
0000072f  SVC_Handler                   
0000072f  SysTick_Handler               
20000000  SystemCoreClock               
000000e9  SystemCoreClockUpdate         
00000361  SystemInit                    
0000072f  T32_INT1_IRQHandler           
0000072f  T32_INT2_IRQHandler           
0000072f  T32_INTC_IRQHandler           
0000072f  TA0_0_IRQHandler              
0000072f  TA0_N_IRQHandler              
0000072f  TA1_0_IRQHandler              
0000072f  TA1_N_IRQHandler              
0000072f  TA2_0_IRQHandler              
0000072f  TA2_N_IRQHandler              
0000072f  TA3_0_IRQHandler              
0000072f  TA3_N_IRQHandler              
0000072f  UsageFault_Handler            
4000480c  WDTCTL_SYM                    
0000072f  WDT_A_IRQHandler              
20040000  __STACK_END                   
00000200  __STACK_SIZE                  
00000748  __TI_CINIT_Base               
00000750  __TI_CINIT_Limit              
00000740  __TI_Handler_Table_Base       
00000748  __TI_Handler_Table_Limit      
0000069d  __TI_auto_init_nobinit_nopinit
00000635  __TI_decompress_lzss          
00000715  __TI_decompress_none          
ffffffff  __TI_pprof_out_hndl           
ffffffff  __TI_prof_data_size           
ffffffff  __TI_prof_data_start          
00000000  __TI_static_base__            
00000599  __aeabi_memcpy                
00000599  __aeabi_memcpy4               
00000599  __aeabi_memcpy8               
ffffffff  __binit__                     
ffffffff  __c_args__                    
UNDEFED   __mpu_init                    
2003fe00  __stack                       
000006e1  _c_int00_noargs               
UNDEFED   _system_post_cinit            
00000731  _system_pre_init              
00000735  abort                         
ffffffff  binit                         
00000000  interruptVectors              
00000439  main                          
00000599  memcpy                        


GLOBAL SYMBOLS: SORTED BY Symbol Address 

address   name                          
-------   ----                          
00000000  __TI_static_base__            
00000000  interruptVectors              
000000e9  SystemCoreClockUpdate         
00000200  __STACK_SIZE                  
00000361  SystemInit                    
00000439  main                          
00000599  __aeabi_memcpy                
00000599  __aeabi_memcpy4               
00000599  __aeabi_memcpy8               
00000599  memcpy                        
00000635  __TI_decompress_lzss          
0000069d  __TI_auto_init_nobinit_nopinit
000006e1  _c_int00_noargs               
00000715  __TI_decompress_none          
00000723  Reset_Handler                 
0000072f  ADC14_IRQHandler              
0000072f  AES256_IRQHandler             
0000072f  BusFault_Handler              
0000072f  COMP_E0_IRQHandler            
0000072f  COMP_E1_IRQHandler            
0000072f  CS_IRQHandler                 
0000072f  DMA_ERR_IRQHandler            
0000072f  DMA_INT0_IRQHandler           
0000072f  DMA_INT1_IRQHandler           
0000072f  DMA_INT2_IRQHandler           
0000072f  DMA_INT3_IRQHandler           
0000072f  DebugMon_Handler              
0000072f  Default_Handler               
0000072f  EUSCIA0_IRQHandler            
0000072f  EUSCIA1_IRQHandler            
0000072f  EUSCIA2_IRQHandler            
0000072f  EUSCIA3_IRQHandler            
0000072f  EUSCIB0_IRQHandler            
0000072f  EUSCIB1_IRQHandler            
0000072f  EUSCIB2_IRQHandler            
0000072f  EUSCIB3_IRQHandler            
0000072f  FLCTL_A_IRQHandler            
0000072f  FPU_IRQHandler                
0000072f  HardFault_Handler             
0000072f  LCD_F_IRQHandler              
0000072f  MemManage_Handler             
0000072f  NMI_Handler                   
0000072f  PCM_IRQHandler                
0000072f  PORT1_IRQHandler              
0000072f  PORT2_IRQHandler              
0000072f  PORT3_IRQHandler              
0000072f  PORT4_IRQHandler              
0000072f  PORT5_IRQHandler              
0000072f  PORT6_IRQHandler              
0000072f  PSS_IRQHandler                
0000072f  PendSV_Handler                
0000072f  RTC_C_IRQHandler              
0000072f  SVC_Handler                   
0000072f  SysTick_Handler               
0000072f  T32_INT1_IRQHandler           
0000072f  T32_INT2_IRQHandler           
0000072f  T32_INTC_IRQHandler           
0000072f  TA0_0_IRQHandler              
0000072f  TA0_N_IRQHandler              
0000072f  TA1_0_IRQHandler              
0000072f  TA1_N_IRQHandler              
0000072f  TA2_0_IRQHandler              
0000072f  TA2_N_IRQHandler              
0000072f  TA3_0_IRQHandler              
0000072f  TA3_N_IRQHandler              
0000072f  UsageFault_Handler            
0000072f  WDT_A_IRQHandler              
00000731  _system_pre_init              
00000735  C$$EXIT                       
00000735  abort                         
00000740  __TI_Handler_Table_Base       
00000748  __TI_CINIT_Base               
00000748  __TI_Handler_Table_Limit      
00000750  __TI_CINIT_Limit              
20000000  SystemCoreClock               
2003fe00  __stack                       
20040000  __STACK_END                   
4000480c  WDTCTL_SYM                    
ffffffff  __TI_pprof_out_hndl           
ffffffff  __TI_prof_data_size           
ffffffff  __TI_prof_data_start          
ffffffff  __binit__                     
ffffffff  __c_args__                    
ffffffff  binit                         
UNDEFED   __mpu_init                    
UNDEFED   _system_post_cinit            

[86 symbols]
