******************************************************************************
                  TI ARM Linker Unix v18.12.4                  
******************************************************************************
>> Linked Tue Feb 11 12:27:46 2020

OUTPUT FILE NAME:   <TimerInterrupts.out>
ENTRY POINT SYMBOL: "_c_int00_noargs"  address: 00002c81


MEMORY CONFIGURATION

         name            origin    length      used     unused   attr    fill
----------------------  --------  ---------  --------  --------  ----  --------
  MAIN                  00000000   00200000  0000307d  001fcf83  R  X
  INFO                  00200000   00008000  00000000  00008000  R  X
  SRAM_CODE             01000000   00040000  000009b4  0003f64c  RW X
  SRAM_DATA             20000000   00040000  000009b4  0003f64c  RW  


SEGMENT ALLOCATION MAP

run origin  load origin   length   init length attrs members
----------  ----------- ---------- ----------- ----- -------
00000000    00000000    00003080   00003080    r-x
  00000000    00000000    000000e8   000000e8    r-- .intvecs
  000000e8    000000e8    00002e04   00002e04    r-x .text
  00002eec    00002eec    00000101   00000101    r-- .const
  00002ff0    00002ff0    00000090   00000090    r-- .cinit
20000000    20000000    000007b4   00000000    rw-
  20000000    20000000    00000400   00000000    rw- .sysmem
  20000400    20000400    000001ec   00000000    rw- .data
  200005ec    200005ec    000001c8   00000000    rw- .bss
2003fe00    2003fe00    00000200   00000000    rw-
  2003fe00    2003fe00    00000200   00000000    rw- .stack


SECTION ALLOCATION MAP

 output                                  attributes/
section   page    origin      length       input sections
--------  ----  ----------  ----------   ----------------
.intvecs   0    00000000    000000e8     
                  00000000    000000e8     startup_msp432p4111_ccs.obj (.intvecs:retain)

.text      0    000000e8    00002e04     
                  000000e8    00000a4e     rtsv7M4_T_le_v4SPD16_eabi.lib : _printfi.c.obj (.text:__TI_printfi)
                  00000b36    00000002                                   : _lock.c.obj (.text:_nop)
                  00000b38    00000350     system_msp432p4111.obj (.text)
                  00000e88    00000270     rtsv7M4_T_le_v4SPD16_eabi.lib : _printfi.c.obj (.text:_pconv_a)
                  000010f8    000001d0                                   : _printfi.c.obj (.text:_pconv_g)
                  000012c8    000001b6                                   : fd_add_t2.asm.obj (.text)
                  0000147e    00000002                                   : div0.asm.obj (.text)
                  00001480    0000013c                                   : _printfi.c.obj (.text:_pconv_e)
                  000015bc    00000136                                   : fd_div_t2.asm.obj (.text)
                  000016f2    00000002     --HOLE-- [fill = 0]
                  000016f4    00000124                                   : _printfi.c.obj (.text:fcvt)
                  00001818    00000118                                   : memory.c.obj (.text:aligned_alloc)
                  00001930    00000114                                   : fputs.c.obj (.text:fputs)
                  00001a44    00000110                                   : s_scalbn.c.obj (.text:scalbn)
                  00001b54    000000fc                                   : fd_mul_t2.asm.obj (.text)
                  00001c50    000000e4                                   : memory.c.obj (.text:free)
                  00001d34    000000dc                                   : setvbuf.c.obj (.text:setvbuf)
                  00001e10    000000b1                                   : _printfi.c.obj (.text:_ltostr)
                  00001ec1    00000001     --HOLE-- [fill = 0]
                  00001ec2    0000009c                                   : memcpy_t2.asm.obj (.text)
                  00001f5e    00000002     --HOLE-- [fill = 0]
                  00001f60    00000098     main.obj (.text)
                  00001ff8    00000096     rtsv7M4_T_le_v4SPD16_eabi.lib : ull_div_t2.asm.obj (.text)
                  0000208e    00000002     --HOLE-- [fill = 0]
                  00002090    0000008c                                   : fputc.c.obj (.text:fputc)
                  0000211c    00000086                                   : fd_cmp_t2.asm.obj (.text:__aeabi_cdcmple)
                  000021a2    00000086                                   : fd_cmp_t2.asm.obj (.text:__aeabi_cdrcmple)
                  00002228    0000007a                                   : memset_t2.asm.obj (.text)
                  000022a2    00000002     --HOLE-- [fill = 0]
                  000022a4    00000074                                   : fclose.c.obj (.text:__TI_closefile)
                  00002318    00000070                                   : memory.c.obj (.text:split)
                  00002388    0000006e                                   : _printfi.c.obj (.text:_mcpy)
                  000023f6    00000002     --HOLE-- [fill = 0]
                  000023f8    0000006c                                   : hostrename.c.obj (.text:HOSTrename)
                  00002464    00000068                                   : hostlseek.c.obj (.text:HOSTlseek)
                  000024cc    00000068                                   : copy_decompress_lzss.c.obj (.text:decompress:lzss:__TI_decompress_lzss)
                  00002534    00000068                                   : printf.c.obj (.text:printf)
                  0000259c    00000064                                   : s_frexp.c.obj (.text:frexp)
                  00002600    00000064                                   : fseek.c.obj (.text:fseek)
                  00002664    00000062                                   : _io_perm.c.obj (.text:__TI_wrt_ok)
                  000026c6    00000002     --HOLE-- [fill = 0]
                  000026c8    00000060                                   : hostopen.c.obj (.text:HOSTopen)
                  00002728    0000005c                                   : close.c.obj (.text:close)
                  00002784    00000058                                   : hostread.c.obj (.text:HOSTread)
                  000027dc    00000058                                   : hostwrite.c.obj (.text:HOSTwrite)
                  00002834    00000056                                   : _printfi.c.obj (.text:_pconv_f)
                  0000288a    00000054                                   : ltoa.c.obj (.text:ltoa)
                  000028de    00000052                                   : _printfi.c.obj (.text:_ecpy)
                  00002930    0000004c                                   : fflush.c.obj (.text:__TI_doflush)
                  0000297c    0000004c                                   : atoi.c.obj (.text:atoi)
                  000029c8    00000048                                   : exit.c.obj (.text:exit)
                  00002a10    00000048                                   : fd_toi_t2.asm.obj (.text)
                  00002a58    00000044                                   : hostclose.c.obj (.text:HOSTclose)
                  00002a9c    00000044                                   : hostunlink.c.obj (.text:HOSTunlink)
                  00002ae0    00000044                                   : autoinit.c.obj (.text:__TI_auto_init_nobinit_nopinit:__TI_auto_init_nobinit_nopinit)
                  00002b24    00000044                                   : getdevice.c.obj (.text:getdevice)
                  00002b68    0000003e                                   : _printfi.c.obj (.text:_fcpy)
                  00002ba6    00000002     --HOLE-- [fill = 0]
                  00002ba8    00000038                                   : trgmsg.c.obj (.text:__TI_writemsg)
                  00002be0    00000036                                   : strncpy.c.obj (.text:strncpy)
                  00002c16    00000002     --HOLE-- [fill = 0]
                  00002c18    00000034                                   : fopen.c.obj (.text:__TI_cleanup)
                  00002c4c    00000034                                   : trgmsg.c.obj (.text:__TI_readmsg)
                  00002c80    00000034                                   : boot_cortex_m.c.obj (.text:_c_int00_noargs:_c_int00_noargs)
                  00002cb4    00000030                                   : getdevice.c.obj (.text:finddevice)
                  00002ce4    0000002e                                   : i_tofd_t2.asm.obj (.text)
                  00002d12    00000002     --HOLE-- [fill = 0]
                  00002d14    0000002c                                   : unlink.c.obj (.text:unlink)
                  00002d40    00000028                                   : memory.c.obj (.text:free_list_insert)
                  00002d68    00000028                                   : lseek.c.obj (.text:lseek)
                  00002d90    00000028                                   : write.c.obj (.text:write)
                  00002db8    00000020                                   : memchr.c.obj (.text:memchr)
                  00002dd8    0000001c                                   : copy_zero_init.c.obj (.text:decompress:ZI:__TI_zero_init_nomemset:__TI_zero_init_nomemset)
                  00002df4    0000001c                                   : memory.c.obj (.text:free_list_remove)
                  00002e10    0000001c                                   : memccpy.c.obj (.text:memccpy)
                  00002e2c    0000001a                                   : s_copysign.c.obj (.text:copysign)
                  00002e46    00000018                                   : strcmp.c.obj (.text:strcmp)
                  00002e5e    00000016                                   : strchr.c.obj (.text:strchr)
                  00002e74    00000014                                   : strcpy.c.obj (.text:strcpy)
                  00002e88    00000014                                   : strlen.c.obj (.text:strlen)
                  00002e9c    00000012                                   : wcslen.c.obj (.text:wcslen)
                  00002eae    0000000e                                   : copy_decompress_none.c.obj (.text:decompress:none:__TI_decompress_none)
                  00002ebc    0000000e     startup_msp432p4111_ccs.obj (.text)
                  00002eca    00000002     --HOLE-- [fill = 0]
                  00002ecc    00000008     rtsv7M4_T_le_v4SPD16_eabi.lib : errno.c.obj (.text:__aeabi_errno_addr)
                  00002ed4    00000008                                   : memory.c.obj (.text:malloc)
                  00002edc    00000004                                   : printf.c.obj (.text:_outc)
                  00002ee0    00000004                                   : printf.c.obj (.text:_outs)
                  00002ee4    00000004                                   : pre_init.c.obj (.text:_system_pre_init)
                  00002ee8    00000004                                   : exit.c.obj (.text:abort:abort)

.const     0    00002eec    00000101     
                  00002eec    00000101     rtsv7M4_T_le_v4SPD16_eabi.lib : ctype.c.obj (.const:.string:_ctypes_)

.cinit     0    00002ff0    00000090     
                  00002ff0    0000006a     (.cinit..data.load) [load image, compression = lzss]
                  0000305a    00000002     --HOLE-- [fill = 0]
                  0000305c    0000000c     (__TI_handler_table)
                  00003068    00000008     (.cinit..bss.load) [load image, compression = zero_init]
                  00003070    00000010     (__TI_cinit_table)

.init_array 
*          0    00000000    00000000     UNINITIALIZED

.binit     0    00000000    00000000     

.sysmem    0    20000000    00000400     UNINITIALIZED
                  20000000    00000010     rtsv7M4_T_le_v4SPD16_eabi.lib : memory.c.obj (.sysmem)
                  20000010    000003f0     --HOLE--

.data      0    20000400    000001ec     UNINITIALIZED
                  20000400    000000f0     rtsv7M4_T_le_v4SPD16_eabi.lib : defs.c.obj (.data:_ftable)
                  200004f0    00000078                                   : host_device.c.obj (.data:_device)
                  20000568    00000050                                   : host_device.c.obj (.data:_stream)
                  200005b8    00000010                                   : defs.c.obj (.data)
                  200005c8    0000000c                                   : exit.c.obj (.data:$O1$$)
                  200005d4    00000008                                   : _lock.c.obj (.data:$O1$$)
                  200005dc    00000008                                   : memory.c.obj (.data:$O1$$)
                  200005e4    00000004                                   : errno.c.obj (.data)
                  200005e8    00000004     system_msp432p4111.obj (.data)

.bss       0    200005ec    000001c8     UNINITIALIZED
                  200005ec    00000120     rtsv7M4_T_le_v4SPD16_eabi.lib : trgmsg.c.obj (.bss:_CIOBUF_)
                  2000070c    000000a0     (.common:__TI_tmpnams)
                  200007ac    00000008     (.common:parmbuf)

.stack     0    2003fe00    00000200     UNINITIALIZED
                  2003fe00    00000004     rtsv7M4_T_le_v4SPD16_eabi.lib : boot_cortex_m.c.obj (.stack)
                  2003fe04    000001fc     --HOLE--

MODULE SUMMARY

       Module                        code    ro data   rw data
       ------                        ----    -------   -------
    ./
       system_msp432p4111.obj        848     0         8      
       startup_msp432p4111_ccs.obj   14      232       0      
       main.obj                      152     0         0      
    +--+-----------------------------+-------+---------+---------+
       Total:                        1014    232       8      
                                                              
    /Applications/ti/ccs930/ccs/tools/compiler/ti-cgt-arm_18.12.4.LTS/lib/rtsv7M4_T_le_v4SPD16_eabi.lib
       _printfi.c.obj                4851    0         0      
       defs.c.obj                    0       0         832    
       memory.c.obj                  696     0         16     
       trgmsg.c.obj                  108     0         576    
       fd_add_t2.asm.obj             438     0         0      
       host_device.c.obj             0       0         400    
       fd_div_t2.asm.obj             310     0         0      
       fputs.c.obj                   276     0         0      
       s_scalbn.c.obj                272     0         0      
       fd_cmp_t2.asm.obj             268     0         0      
       ctype.c.obj                   0       257       0      
       fd_mul_t2.asm.obj             252     0         0      
       setvbuf.c.obj                 220     0         0      
       memcpy_t2.asm.obj             156     0         0      
       ull_div_t2.asm.obj            150     0         0      
       fputc.c.obj                   140     0         0      
       memset_t2.asm.obj             122     0         0      
       fclose.c.obj                  116     0         0      
       getdevice.c.obj               116     0         0      
       hostopen.c.obj                96      0         16     
       printf.c.obj                  112     0         0      
       hostrename.c.obj              108     0         0      
       copy_decompress_lzss.c.obj    104     0         0      
       hostlseek.c.obj               104     0         0      
       exit.c.obj                    76      0         24     
       fseek.c.obj                   100     0         0      
       s_frexp.c.obj                 100     0         0      
       _io_perm.c.obj                98      0         0      
       close.c.obj                   92      0         0      
       hostread.c.obj                88      0         0      
       hostwrite.c.obj               88      0         0      
       ltoa.c.obj                    84      0         0      
       atoi.c.obj                    76      0         0      
       fflush.c.obj                  76      0         0      
       fd_toi_t2.asm.obj             72      0         0      
       autoinit.c.obj                68      0         0      
       hostclose.c.obj               68      0         0      
       hostunlink.c.obj              68      0         0      
       strncpy.c.obj                 54      0         0      
       boot_cortex_m.c.obj           52      0         0      
       fopen.c.obj                   52      0         0      
       i_tofd_t2.asm.obj             46      0         0      
       unlink.c.obj                  44      0         0      
       lseek.c.obj                   40      0         0      
       write.c.obj                   40      0         0      
       memchr.c.obj                  32      0         0      
       copy_zero_init.c.obj          28      0         0      
       memccpy.c.obj                 28      0         0      
       s_copysign.c.obj              26      0         0      
       strcmp.c.obj                  24      0         0      
       strchr.c.obj                  22      0         0      
       strcpy.c.obj                  20      0         0      
       strlen.c.obj                  20      0         0      
       _lock.c.obj                   2       0         16     
       wcslen.c.obj                  18      0         0      
       errno.c.obj                   8       0         8      
       copy_decompress_none.c.obj    14      0         0      
       pre_init.c.obj                4       0         0      
       div0.asm.obj                  2       0         0      
    +--+-----------------------------+-------+---------+---------+
       Total:                        10745   257       1888   
                                                              
       Heap:                         0       0         2048   
       Stack:                        0       0         1024   
       Linker Generated:             0       142       0      
    +--+-----------------------------+-------+---------+---------+
       Grand Total:                  11759   631       4968   


LINKER GENERATED COPY TABLES

__TI_cinit_table @ 00003070 records: 2, size/record: 8, table size: 16
	.data: load addr=00002ff0, load size=0000006a bytes, run addr=20000400, run size=000001ec bytes, compression=lzss
	.bss: load addr=00003068, load size=00000008 bytes, run addr=200005ec, run size=000001c8 bytes, compression=zero_init


LINKER GENERATED HANDLER TABLE

__TI_handler_table @ 0000305c records: 3, size/record: 4, table size: 12
	index: 0, handler: __TI_decompress_lzss
	index: 1, handler: __TI_decompress_none
	index: 2, handler: __TI_zero_init


GLOBAL SYMBOLS: SORTED ALPHABETICALLY BY Name 

address   name                           
-------   ----                           
00002ec9  ADC14_IRQHandler               
00002ec9  AES256_IRQHandler              
00002ec9  BusFault_Handler               
00002ee9  C$$EXIT                        
00002bd7  C$$IO$$                        
00002ec9  COMP_E0_IRQHandler             
00002ec9  COMP_E1_IRQHandler             
00002ec9  CS_IRQHandler                  
00002ec9  DMA_ERR_IRQHandler             
00002ec9  DMA_INT0_IRQHandler            
00002ec9  DMA_INT1_IRQHandler            
00002ec9  DMA_INT2_IRQHandler            
00002ec9  DMA_INT3_IRQHandler            
00002ec9  DebugMon_Handler               
00002ec9  Default_Handler                
00002ec9  EUSCIA0_IRQHandler             
00002ec9  EUSCIA1_IRQHandler             
00002ec9  EUSCIA2_IRQHandler             
00002ec9  EUSCIA3_IRQHandler             
00002ec9  EUSCIB0_IRQHandler             
00002ec9  EUSCIB1_IRQHandler             
00002ec9  EUSCIB2_IRQHandler             
00002ec9  EUSCIB3_IRQHandler             
00002ec9  FLCTL_A_IRQHandler             
00002ec9  FPU_IRQHandler                 
00002a59  HOSTclose                      
00002465  HOSTlseek                      
000026c9  HOSTopen                       
00002785  HOSTread                       
000023f9  HOSTrename                     
00002a9d  HOSTunlink                     
000027dd  HOSTwrite                      
00002ec9  HardFault_Handler              
00002ec9  LCD_F_IRQHandler               
00002ec9  MemManage_Handler              
00002ec9  NMI_Handler                    
00002ec9  PCM_IRQHandler                 
00002ec9  PORT1_IRQHandler               
00002ec9  PORT2_IRQHandler               
00002ec9  PORT3_IRQHandler               
00002ec9  PORT4_IRQHandler               
00002ec9  PORT5_IRQHandler               
00002ec9  PORT6_IRQHandler               
00002ec9  PSS_IRQHandler                 
00002ec9  PendSV_Handler                 
00002ec9  RTC_C_IRQHandler               
00002ebd  Reset_Handler                  
00002ec9  SVC_Handler                    
00002ec9  SysTick_Handler                
200005e8  SystemCoreClock                
00000b39  SystemCoreClockUpdate          
00000db1  SystemInit                     
00002ec9  T32_INT1_IRQHandler            
00002ec9  T32_INT2_IRQHandler            
00002ec9  T32_INTC_IRQHandler            
00001fa7  TA0_0_IRQHandler               
00001fa7  TA0_0_IRQHandler               
00002ec9  TA0_N_IRQHandler               
00002ec9  TA1_0_IRQHandler               
00002ec9  TA1_N_IRQHandler               
00002ec9  TA2_0_IRQHandler               
00002ec9  TA2_N_IRQHandler               
00002ec9  TA3_0_IRQHandler               
00002ec9  TA3_N_IRQHandler               
00002ec9  UsageFault_Handler             
4000480c  WDTCTL_SYM                     
00002ec9  WDT_A_IRQHandler               
200005ec  __CIOBUF_                      
20040000  __STACK_END                    
00000200  __STACK_SIZE                   
00000400  __SYSMEM_SIZE                  
00003070  __TI_CINIT_Base                
00003080  __TI_CINIT_Limit               
0000305c  __TI_Handler_Table_Base        
00003068  __TI_Handler_Table_Limit       
00002ae1  __TI_auto_init_nobinit_nopinit 
00002c19  __TI_cleanup                   
200005c8  __TI_cleanup_ptr               
000022a5  __TI_closefile                 
000024cd  __TI_decompress_lzss           
00002eaf  __TI_decompress_none           
00002931  __TI_doflush                   
200005cc  __TI_dtors_ptr                 
200005d0  __TI_enable_exit_profile_output
200005b8  __TI_ft_end                    
ffffffff  __TI_pprof_out_hndl            
000000e9  __TI_printfi                   
ffffffff  __TI_prof_data_size            
ffffffff  __TI_prof_data_start           
00002c4d  __TI_readmsg                   
00000000  __TI_static_base__             
2000070c  __TI_tmpnams                   
00002ba9  __TI_writemsg                  
00002665  __TI_wrt_ok                    
00002dd9  __TI_zero_init_nomemset        
0000211d  __aeabi_cdcmpeq                
0000211d  __aeabi_cdcmple                
000021a3  __aeabi_cdrcmple               
00002a11  __aeabi_d2iz                   
000012d3  __aeabi_dadd                   
000015bd  __aeabi_ddiv                   
00001b55  __aeabi_dmul                   
000012c9  __aeabi_dsub                   
00002ecd  __aeabi_errno_addr             
00002ce5  __aeabi_i2d                    
0000147f  __aeabi_idiv0                  
0000147f  __aeabi_ldiv0                  
00002229  __aeabi_memclr                 
00002229  __aeabi_memclr4                
00002229  __aeabi_memclr8                
00001ec3  __aeabi_memcpy                 
00001ec3  __aeabi_memcpy4                
00001ec3  __aeabi_memcpy8                
0000222b  __aeabi_memset                 
0000222b  __aeabi_memset4                
0000222b  __aeabi_memset8                
200005c4  __aeabi_stderr                 
200005bc  __aeabi_stdin                  
200005c0  __aeabi_stdout                 
00001ff9  __aeabi_uldivmod               
ffffffff  __binit__                      
ffffffff  __c_args__                     
UNDEFED   __mpu_init                     
2003fe00  __stack                        
00002c81  _c_int00_noargs                
00002eec  _ctypes_                       
200004f0  _device                        
20000400  _ftable                        
200005d4  _lock                          
00000b37  _nop                           
20000568  _stream                        
20000000  _sys_memory                    
UNDEFED   _system_post_cinit             
00002ee5  _system_pre_init               
200005d8  _unlock                        
00002ee9  abort                          
00001819  aligned_alloc                  
0000297d  atoi                           
ffffffff  binit                          
00002729  close                          
00002e2d  copysign                       
00002e2d  copysignl                      
200005e4  errno                          
000029c9  exit                           
00002cb5  finddevice                     
00002091  fputc                          
00001931  fputs                          
00001c51  free                           
0000259d  frexp                          
0000259d  frexpl                         
00002601  fseek                          
00002b25  getdevice                      
00000000  interruptVectors               
00001a45  ldexp                          
00001a45  ldexpl                         
00002d69  lseek                          
0000288b  ltoa                           
00001f61  main                           
00002ed5  malloc                         
00001819  memalign                       
00002e11  memccpy                        
00002db9  memchr                         
00001ec3  memcpy                         
00002231  memset                         
200007ac  parmbuf                        
00002535  printf                         
00002091  putc                           
00002d15  remove                         
00001a45  scalbn                         
00001a45  scalbnl                        
00001d35  setvbuf                        
00002e5f  strchr                         
00002e47  strcmp                         
00002e75  strcpy                         
00002e89  strlen                         
00002be1  strncpy                        
00002d15  unlink                         
00002e9d  wcslen                         
00002d91  write                          


GLOBAL SYMBOLS: SORTED BY Symbol Address 

address   name                           
-------   ----                           
00000000  __TI_static_base__             
00000000  interruptVectors               
000000e9  __TI_printfi                   
00000200  __STACK_SIZE                   
00000400  __SYSMEM_SIZE                  
00000b37  _nop                           
00000b39  SystemCoreClockUpdate          
00000db1  SystemInit                     
000012c9  __aeabi_dsub                   
000012d3  __aeabi_dadd                   
0000147f  __aeabi_idiv0                  
0000147f  __aeabi_ldiv0                  
000015bd  __aeabi_ddiv                   
00001819  aligned_alloc                  
00001819  memalign                       
00001931  fputs                          
00001a45  ldexp                          
00001a45  ldexpl                         
00001a45  scalbn                         
00001a45  scalbnl                        
00001b55  __aeabi_dmul                   
00001c51  free                           
00001d35  setvbuf                        
00001ec3  __aeabi_memcpy                 
00001ec3  __aeabi_memcpy4                
00001ec3  __aeabi_memcpy8                
00001ec3  memcpy                         
00001f61  main                           
00001fa7  TA0_0_IRQHandler               
00001fa7  TA0_0_IRQHandler               
00001ff9  __aeabi_uldivmod               
00002091  fputc                          
00002091  putc                           
0000211d  __aeabi_cdcmpeq                
0000211d  __aeabi_cdcmple                
000021a3  __aeabi_cdrcmple               
00002229  __aeabi_memclr                 
00002229  __aeabi_memclr4                
00002229  __aeabi_memclr8                
0000222b  __aeabi_memset                 
0000222b  __aeabi_memset4                
0000222b  __aeabi_memset8                
00002231  memset                         
000022a5  __TI_closefile                 
000023f9  HOSTrename                     
00002465  HOSTlseek                      
000024cd  __TI_decompress_lzss           
00002535  printf                         
0000259d  frexp                          
0000259d  frexpl                         
00002601  fseek                          
00002665  __TI_wrt_ok                    
000026c9  HOSTopen                       
00002729  close                          
00002785  HOSTread                       
000027dd  HOSTwrite                      
0000288b  ltoa                           
00002931  __TI_doflush                   
0000297d  atoi                           
000029c9  exit                           
00002a11  __aeabi_d2iz                   
00002a59  HOSTclose                      
00002a9d  HOSTunlink                     
00002ae1  __TI_auto_init_nobinit_nopinit 
00002b25  getdevice                      
00002ba9  __TI_writemsg                  
00002bd7  C$$IO$$                        
00002be1  strncpy                        
00002c19  __TI_cleanup                   
00002c4d  __TI_readmsg                   
00002c81  _c_int00_noargs                
00002cb5  finddevice                     
00002ce5  __aeabi_i2d                    
00002d15  remove                         
00002d15  unlink                         
00002d69  lseek                          
00002d91  write                          
00002db9  memchr                         
00002dd9  __TI_zero_init_nomemset        
00002e11  memccpy                        
00002e2d  copysign                       
00002e2d  copysignl                      
00002e47  strcmp                         
00002e5f  strchr                         
00002e75  strcpy                         
00002e89  strlen                         
00002e9d  wcslen                         
00002eaf  __TI_decompress_none           
00002ebd  Reset_Handler                  
00002ec9  ADC14_IRQHandler               
00002ec9  AES256_IRQHandler              
00002ec9  BusFault_Handler               
00002ec9  COMP_E0_IRQHandler             
00002ec9  COMP_E1_IRQHandler             
00002ec9  CS_IRQHandler                  
00002ec9  DMA_ERR_IRQHandler             
00002ec9  DMA_INT0_IRQHandler            
00002ec9  DMA_INT1_IRQHandler            
00002ec9  DMA_INT2_IRQHandler            
00002ec9  DMA_INT3_IRQHandler            
00002ec9  DebugMon_Handler               
00002ec9  Default_Handler                
00002ec9  EUSCIA0_IRQHandler             
00002ec9  EUSCIA1_IRQHandler             
00002ec9  EUSCIA2_IRQHandler             
00002ec9  EUSCIA3_IRQHandler             
00002ec9  EUSCIB0_IRQHandler             
00002ec9  EUSCIB1_IRQHandler             
00002ec9  EUSCIB2_IRQHandler             
00002ec9  EUSCIB3_IRQHandler             
00002ec9  FLCTL_A_IRQHandler             
00002ec9  FPU_IRQHandler                 
00002ec9  HardFault_Handler              
00002ec9  LCD_F_IRQHandler               
00002ec9  MemManage_Handler              
00002ec9  NMI_Handler                    
00002ec9  PCM_IRQHandler                 
00002ec9  PORT1_IRQHandler               
00002ec9  PORT2_IRQHandler               
00002ec9  PORT3_IRQHandler               
00002ec9  PORT4_IRQHandler               
00002ec9  PORT5_IRQHandler               
00002ec9  PORT6_IRQHandler               
00002ec9  PSS_IRQHandler                 
00002ec9  PendSV_Handler                 
00002ec9  RTC_C_IRQHandler               
00002ec9  SVC_Handler                    
00002ec9  SysTick_Handler                
00002ec9  T32_INT1_IRQHandler            
00002ec9  T32_INT2_IRQHandler            
00002ec9  T32_INTC_IRQHandler            
00002ec9  TA0_N_IRQHandler               
00002ec9  TA1_0_IRQHandler               
00002ec9  TA1_N_IRQHandler               
00002ec9  TA2_0_IRQHandler               
00002ec9  TA2_N_IRQHandler               
00002ec9  TA3_0_IRQHandler               
00002ec9  TA3_N_IRQHandler               
00002ec9  UsageFault_Handler             
00002ec9  WDT_A_IRQHandler               
00002ecd  __aeabi_errno_addr             
00002ed5  malloc                         
00002ee5  _system_pre_init               
00002ee9  C$$EXIT                        
00002ee9  abort                          
00002eec  _ctypes_                       
0000305c  __TI_Handler_Table_Base        
00003068  __TI_Handler_Table_Limit       
00003070  __TI_CINIT_Base                
00003080  __TI_CINIT_Limit               
20000000  _sys_memory                    
20000400  _ftable                        
200004f0  _device                        
20000568  _stream                        
200005b8  __TI_ft_end                    
200005bc  __aeabi_stdin                  
200005c0  __aeabi_stdout                 
200005c4  __aeabi_stderr                 
200005c8  __TI_cleanup_ptr               
200005cc  __TI_dtors_ptr                 
200005d0  __TI_enable_exit_profile_output
200005d4  _lock                          
200005d8  _unlock                        
200005e4  errno                          
200005e8  SystemCoreClock                
200005ec  __CIOBUF_                      
2000070c  __TI_tmpnams                   
200007ac  parmbuf                        
2003fe00  __stack                        
20040000  __STACK_END                    
4000480c  WDTCTL_SYM                     
ffffffff  __TI_pprof_out_hndl            
ffffffff  __TI_prof_data_size            
ffffffff  __TI_prof_data_start           
ffffffff  __binit__                      
ffffffff  __c_args__                     
ffffffff  binit                          
UNDEFED   __mpu_init                     
UNDEFED   _system_post_cinit             

[179 symbols]
