<?xml version="1.0" encoding="ISO-8859-1" ?>
<link_info>
   <banner>TI ARM Linker Unix v18.12.4.LTS</banner>
   <copyright>Copyright (c) 1996-2018 Texas Instruments Incorporated</copyright>
   <link_time>0x5e42506a</link_time>
   <link_errors>0x0</link_errors>
   <output_file>TimerInterrupts.out</output_file>
   <entry_point>
      <name>_c_int00_noargs</name>
      <address>0x2c81</address>
   </entry_point>
   <input_file_list>
      <input_file id="fl-1">
         <path>./</path>
         <kind>object</kind>
         <file>main.obj</file>
         <name>main.obj</name>
      </input_file>
      <input_file id="fl-2">
         <path>./</path>
         <kind>object</kind>
         <file>startup_msp432p4111_ccs.obj</file>
         <name>startup_msp432p4111_ccs.obj</name>
      </input_file>
      <input_file id="fl-3">
         <path>./</path>
         <kind>object</kind>
         <file>system_msp432p4111.obj</file>
         <name>system_msp432p4111.obj</name>
      </input_file>
      <input_file id="fl-7">
         <kind>object</kind>
         <file>&lt;internal&gt;</file>
         <name>&lt;internal&gt;</name>
      </input_file>
      <input_file id="fl-bd">
         <path>/Applications/ti/ccs930/ccs/tools/compiler/ti-cgt-arm_18.12.4.LTS/lib/</path>
         <kind>archive</kind>
         <file>rtsv7M4_T_le_v4SPD16_eabi.lib</file>
         <name>printf.c.obj</name>
      </input_file>
      <input_file id="fl-be">
         <path>/Applications/ti/ccs930/ccs/tools/compiler/ti-cgt-arm_18.12.4.LTS/lib/</path>
         <kind>archive</kind>
         <file>rtsv7M4_T_le_v4SPD16_eabi.lib</file>
         <name>_printfi.c.obj</name>
      </input_file>
      <input_file id="fl-bf">
         <path>/Applications/ti/ccs930/ccs/tools/compiler/ti-cgt-arm_18.12.4.LTS/lib/</path>
         <kind>archive</kind>
         <file>rtsv7M4_T_le_v4SPD16_eabi.lib</file>
         <name>fputc.c.obj</name>
      </input_file>
      <input_file id="fl-c0">
         <path>/Applications/ti/ccs930/ccs/tools/compiler/ti-cgt-arm_18.12.4.LTS/lib/</path>
         <kind>archive</kind>
         <file>rtsv7M4_T_le_v4SPD16_eabi.lib</file>
         <name>fputs.c.obj</name>
      </input_file>
      <input_file id="fl-c1">
         <path>/Applications/ti/ccs930/ccs/tools/compiler/ti-cgt-arm_18.12.4.LTS/lib/</path>
         <kind>archive</kind>
         <file>rtsv7M4_T_le_v4SPD16_eabi.lib</file>
         <name>_io_perm.c.obj</name>
      </input_file>
      <input_file id="fl-c2">
         <path>/Applications/ti/ccs930/ccs/tools/compiler/ti-cgt-arm_18.12.4.LTS/lib/</path>
         <kind>archive</kind>
         <file>rtsv7M4_T_le_v4SPD16_eabi.lib</file>
         <name>setvbuf.c.obj</name>
      </input_file>
      <input_file id="fl-c3">
         <path>/Applications/ti/ccs930/ccs/tools/compiler/ti-cgt-arm_18.12.4.LTS/lib/</path>
         <kind>archive</kind>
         <file>rtsv7M4_T_le_v4SPD16_eabi.lib</file>
         <name>fd_add_t2.asm.obj</name>
      </input_file>
      <input_file id="fl-c4">
         <path>/Applications/ti/ccs930/ccs/tools/compiler/ti-cgt-arm_18.12.4.LTS/lib/</path>
         <kind>archive</kind>
         <file>rtsv7M4_T_le_v4SPD16_eabi.lib</file>
         <name>fd_cmp_t2.asm.obj</name>
      </input_file>
      <input_file id="fl-c5">
         <path>/Applications/ti/ccs930/ccs/tools/compiler/ti-cgt-arm_18.12.4.LTS/lib/</path>
         <kind>archive</kind>
         <file>rtsv7M4_T_le_v4SPD16_eabi.lib</file>
         <name>fd_div_t2.asm.obj</name>
      </input_file>
      <input_file id="fl-c6">
         <path>/Applications/ti/ccs930/ccs/tools/compiler/ti-cgt-arm_18.12.4.LTS/lib/</path>
         <kind>archive</kind>
         <file>rtsv7M4_T_le_v4SPD16_eabi.lib</file>
         <name>fd_mul_t2.asm.obj</name>
      </input_file>
      <input_file id="fl-c7">
         <path>/Applications/ti/ccs930/ccs/tools/compiler/ti-cgt-arm_18.12.4.LTS/lib/</path>
         <kind>archive</kind>
         <file>rtsv7M4_T_le_v4SPD16_eabi.lib</file>
         <name>fd_toi_t2.asm.obj</name>
      </input_file>
      <input_file id="fl-c8">
         <path>/Applications/ti/ccs930/ccs/tools/compiler/ti-cgt-arm_18.12.4.LTS/lib/</path>
         <kind>archive</kind>
         <file>rtsv7M4_T_le_v4SPD16_eabi.lib</file>
         <name>i_tofd_t2.asm.obj</name>
      </input_file>
      <input_file id="fl-c9">
         <path>/Applications/ti/ccs930/ccs/tools/compiler/ti-cgt-arm_18.12.4.LTS/lib/</path>
         <kind>archive</kind>
         <file>rtsv7M4_T_le_v4SPD16_eabi.lib</file>
         <name>memcpy_t2.asm.obj</name>
      </input_file>
      <input_file id="fl-ca">
         <path>/Applications/ti/ccs930/ccs/tools/compiler/ti-cgt-arm_18.12.4.LTS/lib/</path>
         <kind>archive</kind>
         <file>rtsv7M4_T_le_v4SPD16_eabi.lib</file>
         <name>ull_div_t2.asm.obj</name>
      </input_file>
      <input_file id="fl-cb">
         <path>/Applications/ti/ccs930/ccs/tools/compiler/ti-cgt-arm_18.12.4.LTS/lib/</path>
         <kind>archive</kind>
         <file>rtsv7M4_T_le_v4SPD16_eabi.lib</file>
         <name>memset_t2.asm.obj</name>
      </input_file>
      <input_file id="fl-cc">
         <path>/Applications/ti/ccs930/ccs/tools/compiler/ti-cgt-arm_18.12.4.LTS/lib/</path>
         <kind>archive</kind>
         <file>rtsv7M4_T_le_v4SPD16_eabi.lib</file>
         <name>copy_zero_init.c.obj</name>
      </input_file>
      <input_file id="fl-cd">
         <path>/Applications/ti/ccs930/ccs/tools/compiler/ti-cgt-arm_18.12.4.LTS/lib/</path>
         <kind>archive</kind>
         <file>rtsv7M4_T_le_v4SPD16_eabi.lib</file>
         <name>copy_decompress_none.c.obj</name>
      </input_file>
      <input_file id="fl-ce">
         <path>/Applications/ti/ccs930/ccs/tools/compiler/ti-cgt-arm_18.12.4.LTS/lib/</path>
         <kind>archive</kind>
         <file>rtsv7M4_T_le_v4SPD16_eabi.lib</file>
         <name>copy_decompress_lzss.c.obj</name>
      </input_file>
      <input_file id="fl-cf">
         <path>/Applications/ti/ccs930/ccs/tools/compiler/ti-cgt-arm_18.12.4.LTS/lib/</path>
         <kind>archive</kind>
         <file>rtsv7M4_T_le_v4SPD16_eabi.lib</file>
         <name>exit.c.obj</name>
      </input_file>
      <input_file id="fl-d0">
         <path>/Applications/ti/ccs930/ccs/tools/compiler/ti-cgt-arm_18.12.4.LTS/lib/</path>
         <kind>archive</kind>
         <file>rtsv7M4_T_le_v4SPD16_eabi.lib</file>
         <name>_lock.c.obj</name>
      </input_file>
      <input_file id="fl-d1">
         <path>/Applications/ti/ccs930/ccs/tools/compiler/ti-cgt-arm_18.12.4.LTS/lib/</path>
         <kind>archive</kind>
         <file>rtsv7M4_T_le_v4SPD16_eabi.lib</file>
         <name>atoi.c.obj</name>
      </input_file>
      <input_file id="fl-d2">
         <path>/Applications/ti/ccs930/ccs/tools/compiler/ti-cgt-arm_18.12.4.LTS/lib/</path>
         <kind>archive</kind>
         <file>rtsv7M4_T_le_v4SPD16_eabi.lib</file>
         <name>ctype.c.obj</name>
      </input_file>
      <input_file id="fl-d3">
         <path>/Applications/ti/ccs930/ccs/tools/compiler/ti-cgt-arm_18.12.4.LTS/lib/</path>
         <kind>archive</kind>
         <file>rtsv7M4_T_le_v4SPD16_eabi.lib</file>
         <name>defs.c.obj</name>
      </input_file>
      <input_file id="fl-d4">
         <path>/Applications/ti/ccs930/ccs/tools/compiler/ti-cgt-arm_18.12.4.LTS/lib/</path>
         <kind>archive</kind>
         <file>rtsv7M4_T_le_v4SPD16_eabi.lib</file>
         <name>ltoa.c.obj</name>
      </input_file>
      <input_file id="fl-d5">
         <path>/Applications/ti/ccs930/ccs/tools/compiler/ti-cgt-arm_18.12.4.LTS/lib/</path>
         <kind>archive</kind>
         <file>rtsv7M4_T_le_v4SPD16_eabi.lib</file>
         <name>memccpy.c.obj</name>
      </input_file>
      <input_file id="fl-d6">
         <path>/Applications/ti/ccs930/ccs/tools/compiler/ti-cgt-arm_18.12.4.LTS/lib/</path>
         <kind>archive</kind>
         <file>rtsv7M4_T_le_v4SPD16_eabi.lib</file>
         <name>memchr.c.obj</name>
      </input_file>
      <input_file id="fl-d7">
         <path>/Applications/ti/ccs930/ccs/tools/compiler/ti-cgt-arm_18.12.4.LTS/lib/</path>
         <kind>archive</kind>
         <file>rtsv7M4_T_le_v4SPD16_eabi.lib</file>
         <name>memory.c.obj</name>
      </input_file>
      <input_file id="fl-d8">
         <path>/Applications/ti/ccs930/ccs/tools/compiler/ti-cgt-arm_18.12.4.LTS/lib/</path>
         <kind>archive</kind>
         <file>rtsv7M4_T_le_v4SPD16_eabi.lib</file>
         <name>strchr.c.obj</name>
      </input_file>
      <input_file id="fl-d9">
         <path>/Applications/ti/ccs930/ccs/tools/compiler/ti-cgt-arm_18.12.4.LTS/lib/</path>
         <kind>archive</kind>
         <file>rtsv7M4_T_le_v4SPD16_eabi.lib</file>
         <name>strlen.c.obj</name>
      </input_file>
      <input_file id="fl-da">
         <path>/Applications/ti/ccs930/ccs/tools/compiler/ti-cgt-arm_18.12.4.LTS/lib/</path>
         <kind>archive</kind>
         <file>rtsv7M4_T_le_v4SPD16_eabi.lib</file>
         <name>write.c.obj</name>
      </input_file>
      <input_file id="fl-db">
         <path>/Applications/ti/ccs930/ccs/tools/compiler/ti-cgt-arm_18.12.4.LTS/lib/</path>
         <kind>archive</kind>
         <file>rtsv7M4_T_le_v4SPD16_eabi.lib</file>
         <name>host_device.c.obj</name>
      </input_file>
      <input_file id="fl-dc">
         <path>/Applications/ti/ccs930/ccs/tools/compiler/ti-cgt-arm_18.12.4.LTS/lib/</path>
         <kind>archive</kind>
         <file>rtsv7M4_T_le_v4SPD16_eabi.lib</file>
         <name>boot_cortex_m.c.obj</name>
      </input_file>
      <input_file id="fl-dd">
         <path>/Applications/ti/ccs930/ccs/tools/compiler/ti-cgt-arm_18.12.4.LTS/lib/</path>
         <kind>archive</kind>
         <file>rtsv7M4_T_le_v4SPD16_eabi.lib</file>
         <name>errno.c.obj</name>
      </input_file>
      <input_file id="fl-de">
         <path>/Applications/ti/ccs930/ccs/tools/compiler/ti-cgt-arm_18.12.4.LTS/lib/</path>
         <kind>archive</kind>
         <file>rtsv7M4_T_le_v4SPD16_eabi.lib</file>
         <name>wcslen.c.obj</name>
      </input_file>
      <input_file id="fl-df">
         <path>/Applications/ti/ccs930/ccs/tools/compiler/ti-cgt-arm_18.12.4.LTS/lib/</path>
         <kind>archive</kind>
         <file>rtsv7M4_T_le_v4SPD16_eabi.lib</file>
         <name>s_frexp.c.obj</name>
      </input_file>
      <input_file id="fl-e0">
         <path>/Applications/ti/ccs930/ccs/tools/compiler/ti-cgt-arm_18.12.4.LTS/lib/</path>
         <kind>archive</kind>
         <file>rtsv7M4_T_le_v4SPD16_eabi.lib</file>
         <name>s_scalbn.c.obj</name>
      </input_file>
      <input_file id="fl-e1">
         <path>/Applications/ti/ccs930/ccs/tools/compiler/ti-cgt-arm_18.12.4.LTS/lib/</path>
         <kind>archive</kind>
         <file>rtsv7M4_T_le_v4SPD16_eabi.lib</file>
         <name>fflush.c.obj</name>
      </input_file>
      <input_file id="fl-e2">
         <path>/Applications/ti/ccs930/ccs/tools/compiler/ti-cgt-arm_18.12.4.LTS/lib/</path>
         <kind>archive</kind>
         <file>rtsv7M4_T_le_v4SPD16_eabi.lib</file>
         <name>fopen.c.obj</name>
      </input_file>
      <input_file id="fl-e3">
         <path>/Applications/ti/ccs930/ccs/tools/compiler/ti-cgt-arm_18.12.4.LTS/lib/</path>
         <kind>archive</kind>
         <file>rtsv7M4_T_le_v4SPD16_eabi.lib</file>
         <name>fseek.c.obj</name>
      </input_file>
      <input_file id="fl-e4">
         <path>/Applications/ti/ccs930/ccs/tools/compiler/ti-cgt-arm_18.12.4.LTS/lib/</path>
         <kind>archive</kind>
         <file>rtsv7M4_T_le_v4SPD16_eabi.lib</file>
         <name>div0.asm.obj</name>
      </input_file>
      <input_file id="fl-e5">
         <path>/Applications/ti/ccs930/ccs/tools/compiler/ti-cgt-arm_18.12.4.LTS/lib/</path>
         <kind>archive</kind>
         <file>rtsv7M4_T_le_v4SPD16_eabi.lib</file>
         <name>autoinit.c.obj</name>
      </input_file>
      <input_file id="fl-e6">
         <path>/Applications/ti/ccs930/ccs/tools/compiler/ti-cgt-arm_18.12.4.LTS/lib/</path>
         <kind>archive</kind>
         <file>rtsv7M4_T_le_v4SPD16_eabi.lib</file>
         <name>pre_init.c.obj</name>
      </input_file>
      <input_file id="fl-e7">
         <path>/Applications/ti/ccs930/ccs/tools/compiler/ti-cgt-arm_18.12.4.LTS/lib/</path>
         <kind>archive</kind>
         <file>rtsv7M4_T_le_v4SPD16_eabi.lib</file>
         <name>cpy_tbl.c.obj</name>
      </input_file>
      <input_file id="fl-e8">
         <path>/Applications/ti/ccs930/ccs/tools/compiler/ti-cgt-arm_18.12.4.LTS/lib/</path>
         <kind>archive</kind>
         <file>rtsv7M4_T_le_v4SPD16_eabi.lib</file>
         <name>args_main.c.obj</name>
      </input_file>
      <input_file id="fl-e9">
         <path>/Applications/ti/ccs930/ccs/tools/compiler/ti-cgt-arm_18.12.4.LTS/lib/</path>
         <kind>archive</kind>
         <file>rtsv7M4_T_le_v4SPD16_eabi.lib</file>
         <name>hostclose.c.obj</name>
      </input_file>
      <input_file id="fl-ea">
         <path>/Applications/ti/ccs930/ccs/tools/compiler/ti-cgt-arm_18.12.4.LTS/lib/</path>
         <kind>archive</kind>
         <file>rtsv7M4_T_le_v4SPD16_eabi.lib</file>
         <name>hostlseek.c.obj</name>
      </input_file>
      <input_file id="fl-eb">
         <path>/Applications/ti/ccs930/ccs/tools/compiler/ti-cgt-arm_18.12.4.LTS/lib/</path>
         <kind>archive</kind>
         <file>rtsv7M4_T_le_v4SPD16_eabi.lib</file>
         <name>hostopen.c.obj</name>
      </input_file>
      <input_file id="fl-ec">
         <path>/Applications/ti/ccs930/ccs/tools/compiler/ti-cgt-arm_18.12.4.LTS/lib/</path>
         <kind>archive</kind>
         <file>rtsv7M4_T_le_v4SPD16_eabi.lib</file>
         <name>hostread.c.obj</name>
      </input_file>
      <input_file id="fl-ed">
         <path>/Applications/ti/ccs930/ccs/tools/compiler/ti-cgt-arm_18.12.4.LTS/lib/</path>
         <kind>archive</kind>
         <file>rtsv7M4_T_le_v4SPD16_eabi.lib</file>
         <name>hostrename.c.obj</name>
      </input_file>
      <input_file id="fl-ee">
         <path>/Applications/ti/ccs930/ccs/tools/compiler/ti-cgt-arm_18.12.4.LTS/lib/</path>
         <kind>archive</kind>
         <file>rtsv7M4_T_le_v4SPD16_eabi.lib</file>
         <name>hostunlink.c.obj</name>
      </input_file>
      <input_file id="fl-ef">
         <path>/Applications/ti/ccs930/ccs/tools/compiler/ti-cgt-arm_18.12.4.LTS/lib/</path>
         <kind>archive</kind>
         <file>rtsv7M4_T_le_v4SPD16_eabi.lib</file>
         <name>hostwrite.c.obj</name>
      </input_file>
      <input_file id="fl-f0">
         <path>/Applications/ti/ccs930/ccs/tools/compiler/ti-cgt-arm_18.12.4.LTS/lib/</path>
         <kind>archive</kind>
         <file>rtsv7M4_T_le_v4SPD16_eabi.lib</file>
         <name>trgmsg.c.obj</name>
      </input_file>
      <input_file id="fl-f1">
         <path>/Applications/ti/ccs930/ccs/tools/compiler/ti-cgt-arm_18.12.4.LTS/lib/</path>
         <kind>archive</kind>
         <file>rtsv7M4_T_le_v4SPD16_eabi.lib</file>
         <name>open.c.obj</name>
      </input_file>
      <input_file id="fl-f2">
         <path>/Applications/ti/ccs930/ccs/tools/compiler/ti-cgt-arm_18.12.4.LTS/lib/</path>
         <kind>archive</kind>
         <file>rtsv7M4_T_le_v4SPD16_eabi.lib</file>
         <name>lseek.c.obj</name>
      </input_file>
      <input_file id="fl-f3">
         <path>/Applications/ti/ccs930/ccs/tools/compiler/ti-cgt-arm_18.12.4.LTS/lib/</path>
         <kind>archive</kind>
         <file>rtsv7M4_T_le_v4SPD16_eabi.lib</file>
         <name>s_copysign.c.obj</name>
      </input_file>
      <input_file id="fl-f4">
         <path>/Applications/ti/ccs930/ccs/tools/compiler/ti-cgt-arm_18.12.4.LTS/lib/</path>
         <kind>archive</kind>
         <file>rtsv7M4_T_le_v4SPD16_eabi.lib</file>
         <name>fclose.c.obj</name>
      </input_file>
      <input_file id="fl-f5">
         <path>/Applications/ti/ccs930/ccs/tools/compiler/ti-cgt-arm_18.12.4.LTS/lib/</path>
         <kind>archive</kind>
         <file>rtsv7M4_T_le_v4SPD16_eabi.lib</file>
         <name>getdevice.c.obj</name>
      </input_file>
      <input_file id="fl-f6">
         <path>/Applications/ti/ccs930/ccs/tools/compiler/ti-cgt-arm_18.12.4.LTS/lib/</path>
         <kind>archive</kind>
         <file>rtsv7M4_T_le_v4SPD16_eabi.lib</file>
         <name>strcmp.c.obj</name>
      </input_file>
      <input_file id="fl-f7">
         <path>/Applications/ti/ccs930/ccs/tools/compiler/ti-cgt-arm_18.12.4.LTS/lib/</path>
         <kind>archive</kind>
         <file>rtsv7M4_T_le_v4SPD16_eabi.lib</file>
         <name>strcpy.c.obj</name>
      </input_file>
      <input_file id="fl-f8">
         <path>/Applications/ti/ccs930/ccs/tools/compiler/ti-cgt-arm_18.12.4.LTS/lib/</path>
         <kind>archive</kind>
         <file>rtsv7M4_T_le_v4SPD16_eabi.lib</file>
         <name>strncpy.c.obj</name>
      </input_file>
      <input_file id="fl-f9">
         <path>/Applications/ti/ccs930/ccs/tools/compiler/ti-cgt-arm_18.12.4.LTS/lib/</path>
         <kind>archive</kind>
         <file>rtsv7M4_T_le_v4SPD16_eabi.lib</file>
         <name>remove.c.obj</name>
      </input_file>
      <input_file id="fl-fa">
         <path>/Applications/ti/ccs930/ccs/tools/compiler/ti-cgt-arm_18.12.4.LTS/lib/</path>
         <kind>archive</kind>
         <file>rtsv7M4_T_le_v4SPD16_eabi.lib</file>
         <name>close.c.obj</name>
      </input_file>
      <input_file id="fl-fb">
         <path>/Applications/ti/ccs930/ccs/tools/compiler/ti-cgt-arm_18.12.4.LTS/lib/</path>
         <kind>archive</kind>
         <file>rtsv7M4_T_le_v4SPD16_eabi.lib</file>
         <name>unlink.c.obj</name>
      </input_file>
   </input_file_list>
   <object_component_list>
      <object_component id="oc-23">
         <name>.intvecs:retain</name>
         <load_address>0x0</load_address>
         <run_address>0x0</run_address>
         <size>0xe8</size>
         <input_file_ref idref="fl-2"/>
      </object_component>
      <object_component id="oc-121">
         <name>.text:__TI_printfi</name>
         <load_address>0xe8</load_address>
         <run_address>0xe8</run_address>
         <size>0xa4e</size>
         <input_file_ref idref="fl-be"/>
      </object_component>
      <object_component id="oc-1b2">
         <name>.text:_nop</name>
         <load_address>0xb36</load_address>
         <run_address>0xb36</run_address>
         <size>0x2</size>
         <input_file_ref idref="fl-d0"/>
      </object_component>
      <object_component id="oc-a9">
         <name>.text</name>
         <load_address>0xb38</load_address>
         <run_address>0xb38</run_address>
         <size>0x350</size>
         <input_file_ref idref="fl-3"/>
      </object_component>
      <object_component id="oc-18e">
         <name>.text:_pconv_a</name>
         <load_address>0xe88</load_address>
         <run_address>0xe88</run_address>
         <size>0x270</size>
         <input_file_ref idref="fl-be"/>
      </object_component>
      <object_component id="oc-17c">
         <name>.text:_pconv_g</name>
         <load_address>0x10f8</load_address>
         <run_address>0x10f8</run_address>
         <size>0x1d0</size>
         <input_file_ref idref="fl-be"/>
      </object_component>
      <object_component id="oc-22a">
         <name>.text</name>
         <load_address>0x12c8</load_address>
         <run_address>0x12c8</run_address>
         <size>0x1b6</size>
         <input_file_ref idref="fl-c3"/>
      </object_component>
      <object_component id="oc-2b0">
         <name>.text</name>
         <load_address>0x147e</load_address>
         <run_address>0x147e</run_address>
         <size>0x2</size>
         <input_file_ref idref="fl-e4"/>
      </object_component>
      <object_component id="oc-188">
         <name>.text:_pconv_e</name>
         <load_address>0x1480</load_address>
         <run_address>0x1480</run_address>
         <size>0x13c</size>
         <input_file_ref idref="fl-be"/>
      </object_component>
      <object_component id="oc-210">
         <name>.text</name>
         <load_address>0x15bc</load_address>
         <run_address>0x15bc</run_address>
         <size>0x136</size>
         <input_file_ref idref="fl-c5"/>
      </object_component>
      <object_component id="oc-23c">
         <name>.text:fcvt</name>
         <load_address>0x16f4</load_address>
         <run_address>0x16f4</run_address>
         <size>0x124</size>
         <input_file_ref idref="fl-be"/>
      </object_component>
      <object_component id="oc-35b">
         <name>.text:aligned_alloc</name>
         <load_address>0x1818</load_address>
         <run_address>0x1818</run_address>
         <size>0x118</size>
         <input_file_ref idref="fl-d7"/>
      </object_component>
      <object_component id="oc-1c0">
         <name>.text:fputs</name>
         <load_address>0x1930</load_address>
         <run_address>0x1930</run_address>
         <size>0x114</size>
         <input_file_ref idref="fl-c0"/>
      </object_component>
      <object_component id="oc-250">
         <name>.text:scalbn</name>
         <load_address>0x1a44</load_address>
         <run_address>0x1a44</run_address>
         <size>0x110</size>
         <input_file_ref idref="fl-e0"/>
      </object_component>
      <object_component id="oc-20b">
         <name>.text</name>
         <load_address>0x1b54</load_address>
         <run_address>0x1b54</run_address>
         <size>0xfc</size>
         <input_file_ref idref="fl-c6"/>
      </object_component>
      <object_component id="oc-319">
         <name>.text:free</name>
         <load_address>0x1c50</load_address>
         <run_address>0x1c50</run_address>
         <size>0xe4</size>
         <input_file_ref idref="fl-d7"/>
      </object_component>
      <object_component id="oc-2eb">
         <name>.text:setvbuf</name>
         <load_address>0x1d34</load_address>
         <run_address>0x1d34</run_address>
         <size>0xdc</size>
         <input_file_ref idref="fl-c2"/>
      </object_component>
      <object_component id="oc-171">
         <name>.text:_ltostr</name>
         <load_address>0x1e10</load_address>
         <run_address>0x1e10</run_address>
         <size>0xb1</size>
         <input_file_ref idref="fl-be"/>
      </object_component>
      <object_component id="oc-37">
         <name>.text</name>
         <load_address>0x1ec2</load_address>
         <run_address>0x1ec2</run_address>
         <size>0x9c</size>
         <input_file_ref idref="fl-c9"/>
      </object_component>
      <object_component id="oc-6d">
         <name>.text</name>
         <load_address>0x1f60</load_address>
         <run_address>0x1f60</run_address>
         <size>0x98</size>
         <input_file_ref idref="fl-1"/>
      </object_component>
      <object_component id="oc-204">
         <name>.text</name>
         <load_address>0x1ff8</load_address>
         <run_address>0x1ff8</run_address>
         <size>0x96</size>
         <input_file_ref idref="fl-ca"/>
      </object_component>
      <object_component id="oc-1c7">
         <name>.text:fputc</name>
         <load_address>0x2090</load_address>
         <run_address>0x2090</run_address>
         <size>0x8c</size>
         <input_file_ref idref="fl-bf"/>
      </object_component>
      <object_component id="oc-177">
         <name>.text:__aeabi_cdcmple</name>
         <load_address>0x211c</load_address>
         <run_address>0x211c</run_address>
         <size>0x86</size>
         <input_file_ref idref="fl-c4"/>
      </object_component>
      <object_component id="oc-215">
         <name>.text:__aeabi_cdrcmple</name>
         <load_address>0x21a2</load_address>
         <run_address>0x21a2</run_address>
         <size>0x86</size>
         <input_file_ref idref="fl-c4"/>
      </object_component>
      <object_component id="oc-91">
         <name>.text</name>
         <load_address>0x2228</load_address>
         <run_address>0x2228</run_address>
         <size>0x7a</size>
         <input_file_ref idref="fl-cb"/>
      </object_component>
      <object_component id="oc-362">
         <name>.text:__TI_closefile</name>
         <load_address>0x22a4</load_address>
         <run_address>0x22a4</run_address>
         <size>0x74</size>
         <input_file_ref idref="fl-f4"/>
      </object_component>
      <object_component id="oc-3a3">
         <name>.text:split</name>
         <load_address>0x2318</load_address>
         <run_address>0x2318</run_address>
         <size>0x70</size>
         <input_file_ref idref="fl-d7"/>
      </object_component>
      <object_component id="oc-235">
         <name>.text:_mcpy</name>
         <load_address>0x2388</load_address>
         <run_address>0x2388</run_address>
         <size>0x6e</size>
         <input_file_ref idref="fl-be"/>
      </object_component>
      <object_component id="oc-392">
         <name>.text:HOSTrename</name>
         <load_address>0x23f8</load_address>
         <run_address>0x23f8</run_address>
         <size>0x6c</size>
         <input_file_ref idref="fl-ed"/>
      </object_component>
      <object_component id="oc-386">
         <name>.text:HOSTlseek</name>
         <load_address>0x2464</load_address>
         <run_address>0x2464</run_address>
         <size>0x68</size>
         <input_file_ref idref="fl-ea"/>
      </object_component>
      <object_component id="oc-14">
         <name>.text:decompress:lzss:__TI_decompress_lzss</name>
         <load_address>0x24cc</load_address>
         <run_address>0x24cc</run_address>
         <size>0x68</size>
         <input_file_ref idref="fl-ce"/>
      </object_component>
      <object_component id="oc-b0">
         <name>.text:printf</name>
         <load_address>0x2534</load_address>
         <run_address>0x2534</run_address>
         <size>0x68</size>
         <input_file_ref idref="fl-bd"/>
      </object_component>
      <object_component id="oc-24a">
         <name>.text:frexp</name>
         <load_address>0x259c</load_address>
         <run_address>0x259c</run_address>
         <size>0x64</size>
         <input_file_ref idref="fl-df"/>
      </object_component>
      <object_component id="oc-2e5">
         <name>.text:fseek</name>
         <load_address>0x2600</load_address>
         <run_address>0x2600</run_address>
         <size>0x64</size>
         <input_file_ref idref="fl-e3"/>
      </object_component>
      <object_component id="oc-281">
         <name>.text:__TI_wrt_ok</name>
         <load_address>0x2664</load_address>
         <run_address>0x2664</run_address>
         <size>0x62</size>
         <input_file_ref idref="fl-c1"/>
      </object_component>
      <object_component id="oc-36e">
         <name>.text:HOSTopen</name>
         <load_address>0x26c8</load_address>
         <run_address>0x26c8</run_address>
         <size>0x60</size>
         <input_file_ref idref="fl-eb"/>
      </object_component>
      <object_component id="oc-3aa">
         <name>.text:close</name>
         <load_address>0x2728</load_address>
         <run_address>0x2728</run_address>
         <size>0x5c</size>
         <input_file_ref idref="fl-fa"/>
      </object_component>
      <object_component id="oc-37a">
         <name>.text:HOSTread</name>
         <load_address>0x2784</load_address>
         <run_address>0x2784</run_address>
         <size>0x58</size>
         <input_file_ref idref="fl-ec"/>
      </object_component>
      <object_component id="oc-380">
         <name>.text:HOSTwrite</name>
         <load_address>0x27dc</load_address>
         <run_address>0x27dc</run_address>
         <size>0x58</size>
         <input_file_ref idref="fl-ef"/>
      </object_component>
      <object_component id="oc-182">
         <name>.text:_pconv_f</name>
         <load_address>0x2834</load_address>
         <run_address>0x2834</run_address>
         <size>0x56</size>
         <input_file_ref idref="fl-be"/>
      </object_component>
      <object_component id="oc-21f">
         <name>.text:ltoa</name>
         <load_address>0x288a</load_address>
         <run_address>0x288a</run_address>
         <size>0x54</size>
         <input_file_ref idref="fl-d4"/>
      </object_component>
      <object_component id="oc-22f">
         <name>.text:_ecpy</name>
         <load_address>0x28de</load_address>
         <run_address>0x28de</run_address>
         <size>0x52</size>
         <input_file_ref idref="fl-be"/>
      </object_component>
      <object_component id="oc-28d">
         <name>.text:__TI_doflush</name>
         <load_address>0x2930</load_address>
         <run_address>0x2930</run_address>
         <size>0x4c</size>
         <input_file_ref idref="fl-e1"/>
      </object_component>
      <object_component id="oc-16b">
         <name>.text:atoi</name>
         <load_address>0x297c</load_address>
         <run_address>0x297c</run_address>
         <size>0x4c</size>
         <input_file_ref idref="fl-d1"/>
      </object_component>
      <object_component id="oc-e0">
         <name>.text:exit</name>
         <load_address>0x29c8</load_address>
         <run_address>0x29c8</run_address>
         <size>0x48</size>
         <input_file_ref idref="fl-cf"/>
      </object_component>
      <object_component id="oc-21a">
         <name>.text</name>
         <load_address>0x2a10</load_address>
         <run_address>0x2a10</run_address>
         <size>0x48</size>
         <input_file_ref idref="fl-c7"/>
      </object_component>
      <object_component id="oc-374">
         <name>.text:HOSTclose</name>
         <load_address>0x2a58</load_address>
         <run_address>0x2a58</run_address>
         <size>0x44</size>
         <input_file_ref idref="fl-e9"/>
      </object_component>
      <object_component id="oc-38c">
         <name>.text:HOSTunlink</name>
         <load_address>0x2a9c</load_address>
         <run_address>0x2a9c</run_address>
         <size>0x44</size>
         <input_file_ref idref="fl-ee"/>
      </object_component>
      <object_component id="oc-e6">
         <name>.text:__TI_auto_init_nobinit_nopinit:__TI_auto_init_nobinit_nopinit</name>
         <load_address>0x2ae0</load_address>
         <run_address>0x2ae0</run_address>
         <size>0x44</size>
         <input_file_ref idref="fl-e5"/>
      </object_component>
      <object_component id="oc-3e2">
         <name>.text:getdevice</name>
         <load_address>0x2b24</load_address>
         <run_address>0x2b24</run_address>
         <size>0x44</size>
         <input_file_ref idref="fl-f5"/>
      </object_component>
      <object_component id="oc-242">
         <name>.text:_fcpy</name>
         <load_address>0x2b68</load_address>
         <run_address>0x2b68</run_address>
         <size>0x3e</size>
         <input_file_ref idref="fl-be"/>
      </object_component>
      <object_component id="oc-3bb">
         <name>.text:__TI_writemsg</name>
         <load_address>0x2ba8</load_address>
         <run_address>0x2ba8</run_address>
         <size>0x38</size>
         <input_file_ref idref="fl-f0"/>
      </object_component>
      <object_component id="oc-404">
         <name>.text:strncpy</name>
         <load_address>0x2be0</load_address>
         <run_address>0x2be0</run_address>
         <size>0x36</size>
         <input_file_ref idref="fl-f8"/>
      </object_component>
      <object_component id="oc-325">
         <name>.text:__TI_cleanup</name>
         <load_address>0x2c18</load_address>
         <run_address>0x2c18</run_address>
         <size>0x34</size>
         <input_file_ref idref="fl-e2"/>
      </object_component>
      <object_component id="oc-3c1">
         <name>.text:__TI_readmsg</name>
         <load_address>0x2c4c</load_address>
         <run_address>0x2c4c</run_address>
         <size>0x34</size>
         <input_file_ref idref="fl-f0"/>
      </object_component>
      <object_component id="oc-55">
         <name>.text:_c_int00_noargs:_c_int00_noargs</name>
         <load_address>0x2c80</load_address>
         <run_address>0x2c80</run_address>
         <size>0x34</size>
         <input_file_ref idref="fl-dc"/>
      </object_component>
      <object_component id="oc-40a">
         <name>.text:finddevice</name>
         <load_address>0x2cb4</load_address>
         <run_address>0x2cb4</run_address>
         <size>0x30</size>
         <input_file_ref idref="fl-f5"/>
      </object_component>
      <object_component id="oc-225">
         <name>.text</name>
         <load_address>0x2ce4</load_address>
         <run_address>0x2ce4</run_address>
         <size>0x2e</size>
         <input_file_ref idref="fl-c8"/>
      </object_component>
      <object_component id="oc-3b0">
         <name>.text:unlink</name>
         <load_address>0x2d14</load_address>
         <run_address>0x2d14</run_address>
         <size>0x2c</size>
         <input_file_ref idref="fl-fb"/>
      </object_component>
      <object_component id="oc-354">
         <name>.text:free_list_insert</name>
         <load_address>0x2d40</load_address>
         <run_address>0x2d40</run_address>
         <size>0x28</size>
         <input_file_ref idref="fl-d7"/>
      </object_component>
      <object_component id="oc-311">
         <name>.text:lseek</name>
         <load_address>0x2d68</load_address>
         <run_address>0x2d68</run_address>
         <size>0x28</size>
         <input_file_ref idref="fl-f2"/>
      </object_component>
      <object_component id="oc-293">
         <name>.text:write</name>
         <load_address>0x2d90</load_address>
         <run_address>0x2d90</run_address>
         <size>0x28</size>
         <input_file_ref idref="fl-da"/>
      </object_component>
      <object_component id="oc-287">
         <name>.text:memchr</name>
         <load_address>0x2db8</load_address>
         <run_address>0x2db8</run_address>
         <size>0x20</size>
         <input_file_ref idref="fl-d6"/>
      </object_component>
      <object_component id="oc-43">
         <name>.text:decompress:ZI:__TI_zero_init_nomemset:__TI_zero_init_nomemset</name>
         <load_address>0x2dd8</load_address>
         <run_address>0x2dd8</run_address>
         <size>0x1c</size>
         <input_file_ref idref="fl-cc"/>
      </object_component>
      <object_component id="oc-34e">
         <name>.text:free_list_remove</name>
         <load_address>0x2df4</load_address>
         <run_address>0x2df4</run_address>
         <size>0x1c</size>
         <input_file_ref idref="fl-d7"/>
      </object_component>
      <object_component id="oc-194">
         <name>.text:memccpy</name>
         <load_address>0x2e10</load_address>
         <run_address>0x2e10</run_address>
         <size>0x1c</size>
         <input_file_ref idref="fl-d5"/>
      </object_component>
      <object_component id="oc-2c9">
         <name>.text:copysign</name>
         <load_address>0x2e2c</load_address>
         <run_address>0x2e2c</run_address>
         <size>0x1a</size>
         <input_file_ref idref="fl-f3"/>
      </object_component>
      <object_component id="oc-421">
         <name>.text:strcmp</name>
         <load_address>0x2e46</load_address>
         <run_address>0x2e46</run_address>
         <size>0x18</size>
         <input_file_ref idref="fl-f6"/>
      </object_component>
      <object_component id="oc-256">
         <name>.text:strchr</name>
         <load_address>0x2e5e</load_address>
         <run_address>0x2e5e</run_address>
         <size>0x16</size>
         <input_file_ref idref="fl-d8"/>
      </object_component>
      <object_component id="oc-3d5">
         <name>.text:strcpy</name>
         <load_address>0x2e74</load_address>
         <run_address>0x2e74</run_address>
         <size>0x14</size>
         <input_file_ref idref="fl-f7"/>
      </object_component>
      <object_component id="oc-165">
         <name>.text:strlen</name>
         <load_address>0x2e88</load_address>
         <run_address>0x2e88</run_address>
         <size>0x14</size>
         <input_file_ref idref="fl-d9"/>
      </object_component>
      <object_component id="oc-19a">
         <name>.text:wcslen</name>
         <load_address>0x2e9c</load_address>
         <run_address>0x2e9c</run_address>
         <size>0x12</size>
         <input_file_ref idref="fl-de"/>
      </object_component>
      <object_component id="oc-1a">
         <name>.text:decompress:none:__TI_decompress_none</name>
         <load_address>0x2eae</load_address>
         <run_address>0x2eae</run_address>
         <size>0xe</size>
         <input_file_ref idref="fl-cd"/>
      </object_component>
      <object_component id="oc-67">
         <name>.text</name>
         <load_address>0x2ebc</load_address>
         <run_address>0x2ebc</run_address>
         <size>0xe</size>
         <input_file_ref idref="fl-2"/>
      </object_component>
      <object_component id="oc-1a0">
         <name>.text:__aeabi_errno_addr</name>
         <load_address>0x2ecc</load_address>
         <run_address>0x2ecc</run_address>
         <size>0x8</size>
         <input_file_ref idref="fl-dd"/>
      </object_component>
      <object_component id="oc-31f">
         <name>.text:malloc</name>
         <load_address>0x2ed4</load_address>
         <run_address>0x2ed4</run_address>
         <size>0x8</size>
         <input_file_ref idref="fl-d7"/>
      </object_component>
      <object_component id="oc-133">
         <name>.text:_outc</name>
         <load_address>0x2edc</load_address>
         <run_address>0x2edc</run_address>
         <size>0x4</size>
         <input_file_ref idref="fl-bd"/>
      </object_component>
      <object_component id="oc-12d">
         <name>.text:_outs</name>
         <load_address>0x2ee0</load_address>
         <run_address>0x2ee0</run_address>
         <size>0x4</size>
         <input_file_ref idref="fl-bd"/>
      </object_component>
      <object_component id="oc-97">
         <name>.text:_system_pre_init</name>
         <load_address>0x2ee4</load_address>
         <run_address>0x2ee4</run_address>
         <size>0x4</size>
         <input_file_ref idref="fl-e6"/>
      </object_component>
      <object_component id="oc-da">
         <name>.text:abort:abort</name>
         <load_address>0x2ee8</load_address>
         <run_address>0x2ee8</run_address>
         <size>0x4</size>
         <input_file_ref idref="fl-cf"/>
      </object_component>
      <object_component id="oc-1ff">
         <name>.const:.string:_ctypes_</name>
         <load_address>0x2eec</load_address>
         <run_address>0x2eec</run_address>
         <size>0x101</size>
         <input_file_ref idref="fl-d2"/>
      </object_component>
      <object_component id="oc-45f">
         <name>.cinit..data.load</name>
         <load_address>0x2ff0</load_address>
         <run_address>0x2ff0</run_address>
         <size>0x6a</size>
      </object_component>
      <object_component id="oc-45d">
         <name>__TI_handler_table</name>
         <load_address>0x305c</load_address>
         <run_address>0x305c</run_address>
         <size>0xc</size>
      </object_component>
      <object_component id="oc-460">
         <name>.cinit..bss.load</name>
         <load_address>0x3068</load_address>
         <run_address>0x3068</run_address>
         <size>0x8</size>
      </object_component>
      <object_component id="oc-45e">
         <name>__TI_cinit_table</name>
         <load_address>0x3070</load_address>
         <run_address>0x3070</run_address>
         <size>0x10</size>
      </object_component>
      <object_component id="oc-432">
         <name>.binit</name>
         <load_address>0x0</load_address>
         <run_address>0x0</run_address>
         <size>0x0</size>
      </object_component>
      <object_component id="oc-118">
         <name>.data</name>
         <load_address>0x200005e8</load_address>
         <run_address>0x200005e8</run_address>
         <size>0x4</size>
         <input_file_ref idref="fl-3"/>
      </object_component>
      <object_component id="oc-147">
         <name>.data:$O1$$</name>
         <load_address>0x200005c8</load_address>
         <run_address>0x200005c8</run_address>
         <size>0xc</size>
         <input_file_ref idref="fl-cf"/>
      </object_component>
      <object_component id="oc-127">
         <name>.data:$O1$$</name>
         <load_address>0x200005d4</load_address>
         <run_address>0x200005d4</run_address>
         <size>0x8</size>
         <input_file_ref idref="fl-d0"/>
      </object_component>
      <object_component id="oc-12a">
         <name>.data:_ftable</name>
         <load_address>0x20000400</load_address>
         <run_address>0x20000400</run_address>
         <size>0xf0</size>
         <input_file_ref idref="fl-d3"/>
      </object_component>
      <object_component id="oc-368">
         <name>.data</name>
         <load_address>0x200005b8</load_address>
         <run_address>0x200005b8</run_address>
         <size>0x10</size>
         <input_file_ref idref="fl-d3"/>
      </object_component>
      <object_component id="oc-39e">
         <name>.data:$O1$$</name>
         <load_address>0x200005dc</load_address>
         <run_address>0x200005dc</run_address>
         <size>0x8</size>
         <input_file_ref idref="fl-d7"/>
      </object_component>
      <object_component id="oc-338">
         <name>.data:_device</name>
         <load_address>0x200004f0</load_address>
         <run_address>0x200004f0</run_address>
         <size>0x78</size>
         <input_file_ref idref="fl-db"/>
      </object_component>
      <object_component id="oc-2f7">
         <name>.data:_stream</name>
         <load_address>0x20000568</load_address>
         <run_address>0x20000568</run_address>
         <size>0x50</size>
         <input_file_ref idref="fl-db"/>
      </object_component>
      <object_component id="oc-266">
         <name>.data</name>
         <load_address>0x200005e4</load_address>
         <run_address>0x200005e4</run_address>
         <size>0x4</size>
         <input_file_ref idref="fl-dd"/>
      </object_component>
      <object_component id="oc-3ec">
         <name>.bss:_CIOBUF_</name>
         <uninitialized>true</uninitialized>
         <run_address>0x200005ec</run_address>
         <size>0x120</size>
         <input_file_ref idref="fl-f0"/>
      </object_component>
      <object_component id="oc-3b6">
         <name>.common:__TI_tmpnams</name>
         <uninitialized>true</uninitialized>
         <run_address>0x2000070c</run_address>
         <size>0xa0</size>
      </object_component>
      <object_component id="oc-3c7">
         <name>.common:parmbuf</name>
         <uninitialized>true</uninitialized>
         <run_address>0x200007ac</run_address>
         <size>0x8</size>
      </object_component>
      <object_component id="oc-26">
         <name>.sysmem</name>
         <uninitialized>true</uninitialized>
         <run_address>0x20000000</run_address>
         <size>0x10</size>
         <input_file_ref idref="fl-d7"/>
      </object_component>
      <object_component id="oc-462">
         <name>.sysmem</name>
         <uninitialized>true</uninitialized>
         <run_address>0x20000000</run_address>
         <size>0x0</size>
      </object_component>
      <object_component id="oc-29">
         <name>.stack</name>
         <uninitialized>true</uninitialized>
         <run_address>0x2003fe00</run_address>
         <size>0x4</size>
         <input_file_ref idref="fl-dc"/>
      </object_component>
      <object_component id="oc-461">
         <name>.stack</name>
         <uninitialized>true</uninitialized>
         <run_address>0x2003fe00</run_address>
         <size>0x0</size>
      </object_component>
      <object_component id="oc-145">
         <name>.debug_info</name>
         <load_address>0x0</load_address>
         <run_address>0x0</run_address>
         <size>0x57f</size>
         <input_file_ref idref="fl-1"/>
      </object_component>
      <object_component id="oc-6e">
         <name>.debug_info</name>
         <load_address>0x57f</load_address>
         <run_address>0x57f</run_address>
         <size>0x161</size>
         <input_file_ref idref="fl-1"/>
      </object_component>
      <object_component id="oc-1dc">
         <name>.debug_info</name>
         <load_address>0x6e0</load_address>
         <run_address>0x6e0</run_address>
         <size>0x3c27</size>
         <input_file_ref idref="fl-1"/>
      </object_component>
      <object_component id="oc-1e1">
         <name>.debug_info</name>
         <load_address>0x4307</load_address>
         <run_address>0x4307</run_address>
         <size>0x1055</size>
         <input_file_ref idref="fl-1"/>
      </object_component>
      <object_component id="oc-b9">
         <name>.debug_info</name>
         <load_address>0x535c</load_address>
         <run_address>0x535c</run_address>
         <size>0x26b</size>
         <input_file_ref idref="fl-1"/>
      </object_component>
      <object_component id="oc-32">
         <name>.debug_info</name>
         <load_address>0x55c7</load_address>
         <run_address>0x55c7</run_address>
         <size>0x84</size>
         <input_file_ref idref="fl-1"/>
      </object_component>
      <object_component id="oc-140">
         <name>.debug_info</name>
         <load_address>0x564b</load_address>
         <run_address>0x564b</run_address>
         <size>0x297</size>
         <input_file_ref idref="fl-1"/>
      </object_component>
      <object_component id="oc-11c">
         <name>.debug_info</name>
         <load_address>0x58e2</load_address>
         <run_address>0x58e2</run_address>
         <size>0xbb</size>
         <input_file_ref idref="fl-1"/>
      </object_component>
      <object_component id="oc-75">
         <name>.debug_info</name>
         <load_address>0x599d</load_address>
         <run_address>0x599d</run_address>
         <size>0x2cf</size>
         <input_file_ref idref="fl-2"/>
      </object_component>
      <object_component id="oc-24">
         <name>.debug_info</name>
         <load_address>0x5c6c</load_address>
         <run_address>0x5c6c</run_address>
         <size>0xfb</size>
         <input_file_ref idref="fl-2"/>
      </object_component>
      <object_component id="oc-68">
         <name>.debug_info</name>
         <load_address>0x5d67</load_address>
         <run_address>0x5d67</run_address>
         <size>0x1c2</size>
         <input_file_ref idref="fl-2"/>
      </object_component>
      <object_component id="oc-119">
         <name>.debug_info</name>
         <load_address>0x5f29</load_address>
         <run_address>0x5f29</run_address>
         <size>0xf4</size>
         <input_file_ref idref="fl-3"/>
      </object_component>
      <object_component id="oc-aa">
         <name>.debug_info</name>
         <load_address>0x601d</load_address>
         <run_address>0x601d</run_address>
         <size>0x266</size>
         <input_file_ref idref="fl-3"/>
      </object_component>
      <object_component id="oc-13a">
         <name>.debug_info</name>
         <load_address>0x6283</load_address>
         <run_address>0x6283</run_address>
         <size>0x3e4</size>
         <input_file_ref idref="fl-bd"/>
      </object_component>
      <object_component id="oc-134">
         <name>.debug_info</name>
         <load_address>0x6667</load_address>
         <run_address>0x6667</run_address>
         <size>0x156</size>
         <input_file_ref idref="fl-bd"/>
      </object_component>
      <object_component id="oc-12e">
         <name>.debug_info</name>
         <load_address>0x67bd</load_address>
         <run_address>0x67bd</run_address>
         <size>0x165</size>
         <input_file_ref idref="fl-bd"/>
      </object_component>
      <object_component id="oc-b1">
         <name>.debug_info</name>
         <load_address>0x6922</load_address>
         <run_address>0x6922</run_address>
         <size>0x1ab</size>
         <input_file_ref idref="fl-bd"/>
      </object_component>
      <object_component id="oc-1d0">
         <name>.debug_info</name>
         <load_address>0x6acd</load_address>
         <run_address>0x6acd</run_address>
         <size>0xb2</size>
         <input_file_ref idref="fl-bd"/>
      </object_component>
      <object_component id="oc-1d5">
         <name>.debug_info</name>
         <load_address>0x6b7f</load_address>
         <run_address>0x6b7f</run_address>
         <size>0x4e</size>
         <input_file_ref idref="fl-bd"/>
      </object_component>
      <object_component id="oc-13b">
         <name>.debug_info</name>
         <load_address>0x6bcd</load_address>
         <run_address>0x6bcd</run_address>
         <size>0x2c</size>
         <input_file_ref idref="fl-bd"/>
      </object_component>
      <object_component id="oc-1a7">
         <name>.debug_info</name>
         <load_address>0x6bf9</load_address>
         <run_address>0x6bf9</run_address>
         <size>0x57a</size>
         <input_file_ref idref="fl-be"/>
      </object_component>
      <object_component id="oc-172">
         <name>.debug_info</name>
         <load_address>0x7173</load_address>
         <run_address>0x7173</run_address>
         <size>0x21d</size>
         <input_file_ref idref="fl-be"/>
      </object_component>
      <object_component id="oc-230">
         <name>.debug_info</name>
         <load_address>0x7390</load_address>
         <run_address>0x7390</run_address>
         <size>0x1b2</size>
         <input_file_ref idref="fl-be"/>
      </object_component>
      <object_component id="oc-236">
         <name>.debug_info</name>
         <load_address>0x7542</load_address>
         <run_address>0x7542</run_address>
         <size>0x21a</size>
         <input_file_ref idref="fl-be"/>
      </object_component>
      <object_component id="oc-17d">
         <name>.debug_info</name>
         <load_address>0x775c</load_address>
         <run_address>0x775c</run_address>
         <size>0x3ba</size>
         <input_file_ref idref="fl-be"/>
      </object_component>
      <object_component id="oc-23d">
         <name>.debug_info</name>
         <load_address>0x7b16</load_address>
         <run_address>0x7b16</run_address>
         <size>0x304</size>
         <input_file_ref idref="fl-be"/>
      </object_component>
      <object_component id="oc-243">
         <name>.debug_info</name>
         <load_address>0x7e1a</load_address>
         <run_address>0x7e1a</run_address>
         <size>0x214</size>
         <input_file_ref idref="fl-be"/>
      </object_component>
      <object_component id="oc-183">
         <name>.debug_info</name>
         <load_address>0x802e</load_address>
         <run_address>0x802e</run_address>
         <size>0x214</size>
         <input_file_ref idref="fl-be"/>
      </object_component>
      <object_component id="oc-189">
         <name>.debug_info</name>
         <load_address>0x8242</load_address>
         <run_address>0x8242</run_address>
         <size>0x303</size>
         <input_file_ref idref="fl-be"/>
      </object_component>
      <object_component id="oc-18f">
         <name>.debug_info</name>
         <load_address>0x8545</load_address>
         <run_address>0x8545</run_address>
         <size>0x4af</size>
         <input_file_ref idref="fl-be"/>
      </object_component>
      <object_component id="oc-122">
         <name>.debug_info</name>
         <load_address>0x89f4</load_address>
         <run_address>0x89f4</run_address>
         <size>0x5f3</size>
         <input_file_ref idref="fl-be"/>
      </object_component>
      <object_component id="oc-1a8">
         <name>.debug_info</name>
         <load_address>0x8fe7</load_address>
         <run_address>0x8fe7</run_address>
         <size>0x86</size>
         <input_file_ref idref="fl-be"/>
      </object_component>
      <object_component id="oc-272">
         <name>.debug_info</name>
         <load_address>0x906d</load_address>
         <run_address>0x906d</run_address>
         <size>0x39</size>
         <input_file_ref idref="fl-be"/>
      </object_component>
      <object_component id="oc-2e0">
         <name>.debug_info</name>
         <load_address>0x90a6</load_address>
         <run_address>0x90a6</run_address>
         <size>0xb6</size>
         <input_file_ref idref="fl-be"/>
      </object_component>
      <object_component id="oc-277">
         <name>.debug_info</name>
         <load_address>0x915c</load_address>
         <run_address>0x915c</run_address>
         <size>0x46</size>
         <input_file_ref idref="fl-be"/>
      </object_component>
      <object_component id="oc-1ad">
         <name>.debug_info</name>
         <load_address>0x91a2</load_address>
         <run_address>0x91a2</run_address>
         <size>0x46</size>
         <input_file_ref idref="fl-be"/>
      </object_component>
      <object_component id="oc-26d">
         <name>.debug_info</name>
         <load_address>0x91e8</load_address>
         <run_address>0x91e8</run_address>
         <size>0x2c</size>
         <input_file_ref idref="fl-be"/>
      </object_component>
      <object_component id="oc-29c">
         <name>.debug_info</name>
         <load_address>0x9214</load_address>
         <run_address>0x9214</run_address>
         <size>0x382</size>
         <input_file_ref idref="fl-bf"/>
      </object_component>
      <object_component id="oc-1c8">
         <name>.debug_info</name>
         <load_address>0x9596</load_address>
         <run_address>0x9596</run_address>
         <size>0x1e9</size>
         <input_file_ref idref="fl-bf"/>
      </object_component>
      <object_component id="oc-29a">
         <name>.debug_info</name>
         <load_address>0x977f</load_address>
         <run_address>0x977f</run_address>
         <size>0x3fb</size>
         <input_file_ref idref="fl-c0"/>
      </object_component>
      <object_component id="oc-1c1">
         <name>.debug_info</name>
         <load_address>0x9b7a</load_address>
         <run_address>0x9b7a</run_address>
         <size>0x2e1</size>
         <input_file_ref idref="fl-c0"/>
      </object_component>
      <object_component id="oc-d1">
         <name>.debug_info</name>
         <load_address>0x9e5b</load_address>
         <run_address>0x9e5b</run_address>
         <size>0x2c</size>
         <input_file_ref idref="fl-c0"/>
      </object_component>
      <object_component id="oc-2f2">
         <name>.debug_info</name>
         <load_address>0x9e87</load_address>
         <run_address>0x9e87</run_address>
         <size>0x2ff</size>
         <input_file_ref idref="fl-c1"/>
      </object_component>
      <object_component id="oc-282">
         <name>.debug_info</name>
         <load_address>0xa186</load_address>
         <run_address>0xa186</run_address>
         <size>0x19b</size>
         <input_file_ref idref="fl-c1"/>
      </object_component>
      <object_component id="oc-32d">
         <name>.debug_info</name>
         <load_address>0xa321</load_address>
         <run_address>0xa321</run_address>
         <size>0xbf</size>
         <input_file_ref idref="fl-c1"/>
      </object_component>
      <object_component id="oc-32c">
         <name>.debug_info</name>
         <load_address>0xa3e0</load_address>
         <run_address>0xa3e0</run_address>
         <size>0x373</size>
         <input_file_ref idref="fl-c2"/>
      </object_component>
      <object_component id="oc-2ec">
         <name>.debug_info</name>
         <load_address>0xa753</load_address>
         <run_address>0xa753</run_address>
         <size>0x20a</size>
         <input_file_ref idref="fl-c2"/>
      </object_component>
      <object_component id="oc-22b">
         <name>.debug_info</name>
         <load_address>0xa95d</load_address>
         <run_address>0xa95d</run_address>
         <size>0x14b</size>
         <input_file_ref idref="fl-c3"/>
      </object_component>
      <object_component id="oc-178">
         <name>.debug_info</name>
         <load_address>0xaaa8</load_address>
         <run_address>0xaaa8</run_address>
         <size>0x127</size>
         <input_file_ref idref="fl-c4"/>
      </object_component>
      <object_component id="oc-216">
         <name>.debug_info</name>
         <load_address>0xabcf</load_address>
         <run_address>0xabcf</run_address>
         <size>0x129</size>
         <input_file_ref idref="fl-c4"/>
      </object_component>
      <object_component id="oc-211">
         <name>.debug_info</name>
         <load_address>0xacf8</load_address>
         <run_address>0xacf8</run_address>
         <size>0x139</size>
         <input_file_ref idref="fl-c5"/>
      </object_component>
      <object_component id="oc-20c">
         <name>.debug_info</name>
         <load_address>0xae31</load_address>
         <run_address>0xae31</run_address>
         <size>0x139</size>
         <input_file_ref idref="fl-c6"/>
      </object_component>
      <object_component id="oc-21b">
         <name>.debug_info</name>
         <load_address>0xaf6a</load_address>
         <run_address>0xaf6a</run_address>
         <size>0x12d</size>
         <input_file_ref idref="fl-c7"/>
      </object_component>
      <object_component id="oc-226">
         <name>.debug_info</name>
         <load_address>0xb097</load_address>
         <run_address>0xb097</run_address>
         <size>0x12b</size>
         <input_file_ref idref="fl-c8"/>
      </object_component>
      <object_component id="oc-38">
         <name>.debug_info</name>
         <load_address>0xb1c2</load_address>
         <run_address>0xb1c2</run_address>
         <size>0x118</size>
         <input_file_ref idref="fl-c9"/>
      </object_component>
      <object_component id="oc-205">
         <name>.debug_info</name>
         <load_address>0xb2da</load_address>
         <run_address>0xb2da</run_address>
         <size>0x133</size>
         <input_file_ref idref="fl-ca"/>
      </object_component>
      <object_component id="oc-92">
         <name>.debug_info</name>
         <load_address>0xb40d</load_address>
         <run_address>0xb40d</run_address>
         <size>0x146</size>
         <input_file_ref idref="fl-cb"/>
      </object_component>
      <object_component id="oc-90">
         <name>.debug_info</name>
         <load_address>0xb553</load_address>
         <run_address>0xb553</run_address>
         <size>0x2d3</size>
         <input_file_ref idref="fl-cc"/>
      </object_component>
      <object_component id="oc-44">
         <name>.debug_info</name>
         <load_address>0xb826</load_address>
         <run_address>0xb826</run_address>
         <size>0x1d1</size>
         <input_file_ref idref="fl-cc"/>
      </object_component>
      <object_component id="oc-8b">
         <name>.debug_info</name>
         <load_address>0xb9f7</load_address>
         <run_address>0xb9f7</run_address>
         <size>0x46</size>
         <input_file_ref idref="fl-cc"/>
      </object_component>
      <object_component id="oc-42">
         <name>.debug_info</name>
         <load_address>0xba3d</load_address>
         <run_address>0xba3d</run_address>
         <size>0x2a7</size>
         <input_file_ref idref="fl-cd"/>
      </object_component>
      <object_component id="oc-1b">
         <name>.debug_info</name>
         <load_address>0xbce4</load_address>
         <run_address>0xbce4</run_address>
         <size>0x1e9</size>
         <input_file_ref idref="fl-cd"/>
      </object_component>
      <object_component id="oc-3d">
         <name>.debug_info</name>
         <load_address>0xbecd</load_address>
         <run_address>0xbecd</run_address>
         <size>0x46</size>
         <input_file_ref idref="fl-cd"/>
      </object_component>
      <object_component id="oc-83">
         <name>.debug_info</name>
         <load_address>0xbf13</load_address>
         <run_address>0xbf13</run_address>
         <size>0x2c</size>
         <input_file_ref idref="fl-cd"/>
      </object_component>
      <object_component id="oc-81">
         <name>.debug_info</name>
         <load_address>0xbf3f</load_address>
         <run_address>0xbf3f</run_address>
         <size>0x29d</size>
         <input_file_ref idref="fl-ce"/>
      </object_component>
      <object_component id="oc-15">
         <name>.debug_info</name>
         <load_address>0xc1dc</load_address>
         <run_address>0xc1dc</run_address>
         <size>0x24f</size>
         <input_file_ref idref="fl-ce"/>
      </object_component>
      <object_component id="oc-2d">
         <name>.debug_info</name>
         <load_address>0xc42b</load_address>
         <run_address>0xc42b</run_address>
         <size>0x60</size>
         <input_file_ref idref="fl-ce"/>
      </object_component>
      <object_component id="oc-ca">
         <name>.debug_info</name>
         <load_address>0xc48b</load_address>
         <run_address>0xc48b</run_address>
         <size>0x46</size>
         <input_file_ref idref="fl-ce"/>
      </object_component>
      <object_component id="oc-7c">
         <name>.debug_info</name>
         <load_address>0xc4d1</load_address>
         <run_address>0xc4d1</run_address>
         <size>0x39</size>
         <input_file_ref idref="fl-ce"/>
      </object_component>
      <object_component id="oc-14b">
         <name>.debug_info</name>
         <load_address>0xc50a</load_address>
         <run_address>0xc50a</run_address>
         <size>0x3ac</size>
         <input_file_ref idref="fl-cf"/>
      </object_component>
      <object_component id="oc-148">
         <name>.debug_info</name>
         <load_address>0xc8b6</load_address>
         <run_address>0xc8b6</run_address>
         <size>0x18f</size>
         <input_file_ref idref="fl-cf"/>
      </object_component>
      <object_component id="oc-db">
         <name>.debug_info</name>
         <load_address>0xca45</load_address>
         <run_address>0xca45</run_address>
         <size>0x121</size>
         <input_file_ref idref="fl-cf"/>
      </object_component>
      <object_component id="oc-e1">
         <name>.debug_info</name>
         <load_address>0xcb66</load_address>
         <run_address>0xcb66</run_address>
         <size>0x183</size>
         <input_file_ref idref="fl-cf"/>
      </object_component>
      <object_component id="oc-1ba">
         <name>.debug_info</name>
         <load_address>0xcce9</load_address>
         <run_address>0xcce9</run_address>
         <size>0x2c8</size>
         <input_file_ref idref="fl-d0"/>
      </object_component>
      <object_component id="oc-128">
         <name>.debug_info</name>
         <load_address>0xcfb1</load_address>
         <run_address>0xcfb1</run_address>
         <size>0x11d</size>
         <input_file_ref idref="fl-d0"/>
      </object_component>
      <object_component id="oc-1b3">
         <name>.debug_info</name>
         <load_address>0xd0ce</load_address>
         <run_address>0xd0ce</run_address>
         <size>0x12d</size>
         <input_file_ref idref="fl-d0"/>
      </object_component>
      <object_component id="oc-203">
         <name>.debug_info</name>
         <load_address>0xd1fb</load_address>
         <run_address>0xd1fb</run_address>
         <size>0x2b8</size>
         <input_file_ref idref="fl-d1"/>
      </object_component>
      <object_component id="oc-16c">
         <name>.debug_info</name>
         <load_address>0xd4b3</load_address>
         <run_address>0xd4b3</run_address>
         <size>0x17b</size>
         <input_file_ref idref="fl-d1"/>
      </object_component>
      <object_component id="oc-2ad">
         <name>.debug_info</name>
         <load_address>0xd62e</load_address>
         <run_address>0xd62e</run_address>
         <size>0xf8</size>
         <input_file_ref idref="fl-d2"/>
      </object_component>
      <object_component id="oc-200">
         <name>.debug_info</name>
         <load_address>0xd726</load_address>
         <run_address>0xd726</run_address>
         <size>0x104</size>
         <input_file_ref idref="fl-d2"/>
      </object_component>
      <object_component id="oc-1be">
         <name>.debug_info</name>
         <load_address>0xd82a</load_address>
         <run_address>0xd82a</run_address>
         <size>0x143</size>
         <input_file_ref idref="fl-d3"/>
      </object_component>
      <object_component id="oc-12b">
         <name>.debug_info</name>
         <load_address>0xd96d</load_address>
         <run_address>0xd96d</run_address>
         <size>0x101</size>
         <input_file_ref idref="fl-d3"/>
      </object_component>
      <object_component id="oc-369">
         <name>.debug_info</name>
         <load_address>0xda6e</load_address>
         <run_address>0xda6e</run_address>
         <size>0x18e</size>
         <input_file_ref idref="fl-d3"/>
      </object_component>
      <object_component id="oc-2bb">
         <name>.debug_info</name>
         <load_address>0xdbfc</load_address>
         <run_address>0xdbfc</run_address>
         <size>0x29a</size>
         <input_file_ref idref="fl-d4"/>
      </object_component>
      <object_component id="oc-220">
         <name>.debug_info</name>
         <load_address>0xde96</load_address>
         <run_address>0xde96</run_address>
         <size>0x1cc</size>
         <input_file_ref idref="fl-d4"/>
      </object_component>
      <object_component id="oc-25e">
         <name>.debug_info</name>
         <load_address>0xe062</load_address>
         <run_address>0xe062</run_address>
         <size>0x295</size>
         <input_file_ref idref="fl-d5"/>
      </object_component>
      <object_component id="oc-195">
         <name>.debug_info</name>
         <load_address>0xe2f7</load_address>
         <run_address>0xe2f7</run_address>
         <size>0x1b5</size>
         <input_file_ref idref="fl-d5"/>
      </object_component>
      <object_component id="oc-2f4">
         <name>.debug_info</name>
         <load_address>0xe4ac</load_address>
         <run_address>0xe4ac</run_address>
         <size>0x2a4</size>
         <input_file_ref idref="fl-d6"/>
      </object_component>
      <object_component id="oc-288">
         <name>.debug_info</name>
         <load_address>0xe750</load_address>
         <run_address>0xe750</run_address>
         <size>0x258</size>
         <input_file_ref idref="fl-d6"/>
      </object_component>
      <object_component id="oc-78">
         <name>.debug_info</name>
         <load_address>0xe9a8</load_address>
         <run_address>0xe9a8</run_address>
         <size>0x3b1</size>
         <input_file_ref idref="fl-d7"/>
      </object_component>
      <object_component id="oc-27">
         <name>.debug_info</name>
         <load_address>0xed59</load_address>
         <run_address>0xed59</run_address>
         <size>0x10b</size>
         <input_file_ref idref="fl-d7"/>
      </object_component>
      <object_component id="oc-39f">
         <name>.debug_info</name>
         <load_address>0xee64</load_address>
         <run_address>0xee64</run_address>
         <size>0x13e</size>
         <input_file_ref idref="fl-d7"/>
      </object_component>
      <object_component id="oc-320">
         <name>.debug_info</name>
         <load_address>0xefa2</load_address>
         <run_address>0xefa2</run_address>
         <size>0x167</size>
         <input_file_ref idref="fl-d7"/>
      </object_component>
      <object_component id="oc-34f">
         <name>.debug_info</name>
         <load_address>0xf109</load_address>
         <run_address>0xf109</run_address>
         <size>0x18d</size>
         <input_file_ref idref="fl-d7"/>
      </object_component>
      <object_component id="oc-355">
         <name>.debug_info</name>
         <load_address>0xf296</load_address>
         <run_address>0xf296</run_address>
         <size>0x19e</size>
         <input_file_ref idref="fl-d7"/>
      </object_component>
      <object_component id="oc-31a">
         <name>.debug_info</name>
         <load_address>0xf434</load_address>
         <run_address>0xf434</run_address>
         <size>0x202</size>
         <input_file_ref idref="fl-d7"/>
      </object_component>
      <object_component id="oc-3a4">
         <name>.debug_info</name>
         <load_address>0xf636</load_address>
         <run_address>0xf636</run_address>
         <size>0x1da</size>
         <input_file_ref idref="fl-d7"/>
      </object_component>
      <object_component id="oc-35d">
         <name>.debug_info</name>
         <load_address>0xf810</load_address>
         <run_address>0xf810</run_address>
         <size>0x298</size>
         <input_file_ref idref="fl-d7"/>
      </object_component>
      <object_component id="oc-c5">
         <name>.debug_info</name>
         <load_address>0xfaa8</load_address>
         <run_address>0xfaa8</run_address>
         <size>0xb2</size>
         <input_file_ref idref="fl-d7"/>
      </object_component>
      <object_component id="oc-c0">
         <name>.debug_info</name>
         <load_address>0xfb5a</load_address>
         <run_address>0xfb5a</run_address>
         <size>0x2c</size>
         <input_file_ref idref="fl-d7"/>
      </object_component>
      <object_component id="oc-2d2">
         <name>.debug_info</name>
         <load_address>0xfb86</load_address>
         <run_address>0xfb86</run_address>
         <size>0x299</size>
         <input_file_ref idref="fl-d8"/>
      </object_component>
      <object_component id="oc-257">
         <name>.debug_info</name>
         <load_address>0xfe1f</load_address>
         <run_address>0xfe1f</run_address>
         <size>0x25d</size>
         <input_file_ref idref="fl-d8"/>
      </object_component>
      <object_component id="oc-1fe">
         <name>.debug_info</name>
         <load_address>0x1007c</load_address>
         <run_address>0x1007c</run_address>
         <size>0x28e</size>
         <input_file_ref idref="fl-d9"/>
      </object_component>
      <object_component id="oc-166">
         <name>.debug_info</name>
         <load_address>0x1030a</load_address>
         <run_address>0x1030a</run_address>
         <size>0x240</size>
         <input_file_ref idref="fl-d9"/>
      </object_component>
      <object_component id="oc-2fb">
         <name>.debug_info</name>
         <load_address>0x1054a</load_address>
         <run_address>0x1054a</run_address>
         <size>0x396</size>
         <input_file_ref idref="fl-da"/>
      </object_component>
      <object_component id="oc-294">
         <name>.debug_info</name>
         <load_address>0x108e0</load_address>
         <run_address>0x108e0</run_address>
         <size>0x18e</size>
         <input_file_ref idref="fl-da"/>
      </object_component>
      <object_component id="oc-340">
         <name>.debug_info</name>
         <load_address>0x10a6e</load_address>
         <run_address>0x10a6e</run_address>
         <size>0x120</size>
         <input_file_ref idref="fl-da"/>
      </object_component>
      <object_component id="oc-345">
         <name>.debug_info</name>
         <load_address>0x10b8e</load_address>
         <run_address>0x10b8e</run_address>
         <size>0x2c</size>
         <input_file_ref idref="fl-da"/>
      </object_component>
      <object_component id="oc-33d">
         <name>.debug_info</name>
         <load_address>0x10bba</load_address>
         <run_address>0x10bba</run_address>
         <size>0x336</size>
         <input_file_ref idref="fl-db"/>
      </object_component>
      <object_component id="oc-339">
         <name>.debug_info</name>
         <load_address>0x10ef0</load_address>
         <run_address>0x10ef0</run_address>
         <size>0x108</size>
         <input_file_ref idref="fl-db"/>
      </object_component>
      <object_component id="oc-2f8">
         <name>.debug_info</name>
         <load_address>0x10ff8</load_address>
         <run_address>0x10ff8</run_address>
         <size>0x108</size>
         <input_file_ref idref="fl-db"/>
      </object_component>
      <object_component id="oc-2a">
         <name>.debug_info</name>
         <load_address>0x11100</load_address>
         <run_address>0x11100</run_address>
         <size>0x10a</size>
         <input_file_ref idref="fl-dc"/>
      </object_component>
      <object_component id="oc-56">
         <name>.debug_info</name>
         <load_address>0x1120a</load_address>
         <run_address>0x1120a</run_address>
         <size>0x1a8</size>
         <input_file_ref idref="fl-dc"/>
      </object_component>
      <object_component id="oc-26a">
         <name>.debug_info</name>
         <load_address>0x113b2</load_address>
         <run_address>0x113b2</run_address>
         <size>0x288</size>
         <input_file_ref idref="fl-dd"/>
      </object_component>
      <object_component id="oc-267">
         <name>.debug_info</name>
         <load_address>0x1163a</load_address>
         <run_address>0x1163a</run_address>
         <size>0x10d</size>
         <input_file_ref idref="fl-dd"/>
      </object_component>
      <object_component id="oc-1a1">
         <name>.debug_info</name>
         <load_address>0x11747</load_address>
         <run_address>0x11747</run_address>
         <size>0x14d</size>
         <input_file_ref idref="fl-dd"/>
      </object_component>
      <object_component id="oc-265">
         <name>.debug_info</name>
         <load_address>0x11894</load_address>
         <run_address>0x11894</run_address>
         <size>0x28e</size>
         <input_file_ref idref="fl-de"/>
      </object_component>
      <object_component id="oc-19b">
         <name>.debug_info</name>
         <load_address>0x11b22</load_address>
         <run_address>0x11b22</run_address>
         <size>0x159</size>
         <input_file_ref idref="fl-de"/>
      </object_component>
      <object_component id="oc-2d5">
         <name>.debug_info</name>
         <load_address>0x11c7b</load_address>
         <run_address>0x11c7b</run_address>
         <size>0x46</size>
         <input_file_ref idref="fl-de"/>
      </object_component>
      <object_component id="oc-260">
         <name>.debug_info</name>
         <load_address>0x11cc1</load_address>
         <run_address>0x11cc1</run_address>
         <size>0x39</size>
         <input_file_ref idref="fl-de"/>
      </object_component>
      <object_component id="oc-2c3">
         <name>.debug_info</name>
         <load_address>0x11cfa</load_address>
         <run_address>0x11cfa</run_address>
         <size>0x299</size>
         <input_file_ref idref="fl-df"/>
      </object_component>
      <object_component id="oc-24b">
         <name>.debug_info</name>
         <load_address>0x11f93</load_address>
         <run_address>0x11f93</run_address>
         <size>0x194</size>
         <input_file_ref idref="fl-df"/>
      </object_component>
      <object_component id="oc-307">
         <name>.debug_info</name>
         <load_address>0x12127</load_address>
         <run_address>0x12127</run_address>
         <size>0x39</size>
         <input_file_ref idref="fl-df"/>
      </object_component>
      <object_component id="oc-2c4">
         <name>.debug_info</name>
         <load_address>0x12160</load_address>
         <run_address>0x12160</run_address>
         <size>0x2c</size>
         <input_file_ref idref="fl-df"/>
      </object_component>
      <object_component id="oc-2d0">
         <name>.debug_info</name>
         <load_address>0x1218c</load_address>
         <run_address>0x1218c</run_address>
         <size>0x2fc</size>
         <input_file_ref idref="fl-e0"/>
      </object_component>
      <object_component id="oc-253">
         <name>.debug_info</name>
         <load_address>0x12488</load_address>
         <run_address>0x12488</run_address>
         <size>0x224</size>
         <input_file_ref idref="fl-e0"/>
      </object_component>
      <object_component id="oc-2f6">
         <name>.debug_info</name>
         <load_address>0x126ac</load_address>
         <run_address>0x126ac</run_address>
         <size>0x346</size>
         <input_file_ref idref="fl-e1"/>
      </object_component>
      <object_component id="oc-28f">
         <name>.debug_info</name>
         <load_address>0x129f2</load_address>
         <run_address>0x129f2</run_address>
         <size>0x189</size>
         <input_file_ref idref="fl-e1"/>
      </object_component>
      <object_component id="oc-326">
         <name>.debug_info</name>
         <load_address>0x12b7b</load_address>
         <run_address>0x12b7b</run_address>
         <size>0x175</size>
         <input_file_ref idref="fl-e2"/>
      </object_component>
      <object_component id="oc-318">
         <name>.debug_info</name>
         <load_address>0x12cf0</load_address>
         <run_address>0x12cf0</run_address>
         <size>0x323</size>
         <input_file_ref idref="fl-e3"/>
      </object_component>
      <object_component id="oc-2e6">
         <name>.debug_info</name>
         <load_address>0x13013</load_address>
         <run_address>0x13013</run_address>
         <size>0x1eb</size>
         <input_file_ref idref="fl-e3"/>
      </object_component>
      <object_component id="oc-2b1">
         <name>.debug_info</name>
         <load_address>0x131fe</load_address>
         <run_address>0x131fe</run_address>
         <size>0x114</size>
         <input_file_ref idref="fl-e4"/>
      </object_component>
      <object_component id="oc-14e">
         <name>.debug_info</name>
         <load_address>0x13312</load_address>
         <run_address>0x13312</run_address>
         <size>0x4b2</size>
         <input_file_ref idref="fl-e5"/>
      </object_component>
      <object_component id="oc-e7">
         <name>.debug_info</name>
         <load_address>0x137c4</load_address>
         <run_address>0x137c4</run_address>
         <size>0x1a5</size>
         <input_file_ref idref="fl-e5"/>
      </object_component>
      <object_component id="oc-1ec">
         <name>.debug_info</name>
         <load_address>0x13969</load_address>
         <run_address>0x13969</run_address>
         <size>0x39</size>
         <input_file_ref idref="fl-e5"/>
      </object_component>
      <object_component id="oc-29d">
         <name>.debug_info</name>
         <load_address>0x139a2</load_address>
         <run_address>0x139a2</run_address>
         <size>0x39</size>
         <input_file_ref idref="fl-e5"/>
      </object_component>
      <object_component id="oc-1f1">
         <name>.debug_info</name>
         <load_address>0x139db</load_address>
         <run_address>0x139db</run_address>
         <size>0x39</size>
         <input_file_ref idref="fl-e5"/>
      </object_component>
      <object_component id="oc-1f6">
         <name>.debug_info</name>
         <load_address>0x13a14</load_address>
         <run_address>0x13a14</run_address>
         <size>0xcd</size>
         <input_file_ref idref="fl-e5"/>
      </object_component>
      <object_component id="oc-98">
         <name>.debug_info</name>
         <load_address>0x13ae1</load_address>
         <run_address>0x13ae1</run_address>
         <size>0x152</size>
         <input_file_ref idref="fl-e6"/>
      </object_component>
      <object_component id="oc-3cc">
         <name>.debug_info</name>
         <load_address>0x13c33</load_address>
         <run_address>0x13c33</run_address>
         <size>0x372</size>
         <input_file_ref idref="fl-e9"/>
      </object_component>
      <object_component id="oc-375">
         <name>.debug_info</name>
         <load_address>0x13fa5</load_address>
         <run_address>0x13fa5</run_address>
         <size>0x1bb</size>
         <input_file_ref idref="fl-e9"/>
      </object_component>
      <object_component id="oc-3d2">
         <name>.debug_info</name>
         <load_address>0x14160</load_address>
         <run_address>0x14160</run_address>
         <size>0x377</size>
         <input_file_ref idref="fl-ea"/>
      </object_component>
      <object_component id="oc-387">
         <name>.debug_info</name>
         <load_address>0x144d7</load_address>
         <run_address>0x144d7</run_address>
         <size>0x20f</size>
         <input_file_ref idref="fl-ea"/>
      </object_component>
      <object_component id="oc-3c8">
         <name>.debug_info</name>
         <load_address>0x146e6</load_address>
[...]
         <value>0x1b55</value>
         <object_component_ref idref="oc-20b"/>
      </symbol>
      <symbol id="sm-339">
         <name>__aeabi_d2iz</name>
         <value>0x2a11</value>
         <object_component_ref idref="oc-21a"/>
      </symbol>
      <symbol id="sm-343">
         <name>__aeabi_i2d</name>
         <value>0x2ce5</value>
         <object_component_ref idref="oc-225"/>
      </symbol>
      <symbol id="sm-35e">
         <name>memcpy</name>
         <value>0x1ec3</value>
         <object_component_ref idref="oc-37"/>
      </symbol>
      <symbol id="sm-35f">
         <name>__aeabi_memcpy</name>
         <value>0x1ec3</value>
         <object_component_ref idref="oc-37"/>
      </symbol>
      <symbol id="sm-360">
         <name>__aeabi_memcpy8</name>
         <value>0x1ec3</value>
         <object_component_ref idref="oc-37"/>
      </symbol>
      <symbol id="sm-361">
         <name>__aeabi_memcpy4</name>
         <value>0x1ec3</value>
         <object_component_ref idref="oc-37"/>
      </symbol>
      <symbol id="sm-36e">
         <name>__aeabi_uldivmod</name>
         <value>0x1ff9</value>
         <object_component_ref idref="oc-204"/>
      </symbol>
      <symbol id="sm-37d">
         <name>__aeabi_memset</name>
         <value>0x222b</value>
         <object_component_ref idref="oc-91"/>
      </symbol>
      <symbol id="sm-37e">
         <name>memset</name>
         <value>0x2231</value>
         <object_component_ref idref="oc-91"/>
      </symbol>
      <symbol id="sm-37f">
         <name>__aeabi_memset8</name>
         <value>0x222b</value>
         <object_component_ref idref="oc-91"/>
      </symbol>
      <symbol id="sm-380">
         <name>__aeabi_memset4</name>
         <value>0x222b</value>
         <object_component_ref idref="oc-91"/>
      </symbol>
      <symbol id="sm-381">
         <name>__aeabi_memclr8</name>
         <value>0x2229</value>
         <object_component_ref idref="oc-91"/>
      </symbol>
      <symbol id="sm-382">
         <name>__aeabi_memclr4</name>
         <value>0x2229</value>
         <object_component_ref idref="oc-91"/>
      </symbol>
      <symbol id="sm-383">
         <name>__aeabi_memclr</name>
         <value>0x2229</value>
         <object_component_ref idref="oc-91"/>
      </symbol>
      <symbol id="sm-397">
         <name>__TI_zero_init_nomemset</name>
         <value>0x2dd9</value>
         <object_component_ref idref="oc-43"/>
      </symbol>
      <symbol id="sm-3ae">
         <name>__TI_decompress_none</name>
         <value>0x2eaf</value>
         <object_component_ref idref="oc-1a"/>
      </symbol>
      <symbol id="sm-3d1">
         <name>__TI_decompress_lzss</name>
         <value>0x24cd</value>
         <object_component_ref idref="oc-14"/>
      </symbol>
      <symbol id="sm-3f7">
         <name>C$$EXIT</name>
         <value>0x2ee9</value>
         <object_component_ref idref="oc-da"/>
      </symbol>
      <symbol id="sm-3f8">
         <name>abort</name>
         <value>0x2ee9</value>
         <object_component_ref idref="oc-da"/>
      </symbol>
      <symbol id="sm-3f9">
         <name>__TI_dtors_ptr</name>
         <value>0x200005cc</value>
         <object_component_ref idref="oc-147"/>
      </symbol>
      <symbol id="sm-3fa">
         <name>__TI_cleanup_ptr</name>
         <value>0x200005c8</value>
         <object_component_ref idref="oc-147"/>
      </symbol>
      <symbol id="sm-3fb">
         <name>__TI_enable_exit_profile_output</name>
         <value>0x200005d0</value>
         <object_component_ref idref="oc-147"/>
      </symbol>
      <symbol id="sm-3fc">
         <name>exit</name>
         <value>0x29c9</value>
         <object_component_ref idref="oc-e0"/>
      </symbol>
      <symbol id="sm-411">
         <name>_nop</name>
         <value>0xb37</value>
         <object_component_ref idref="oc-1b2"/>
      </symbol>
      <symbol id="sm-412">
         <name>_lock</name>
         <value>0x200005d4</value>
         <object_component_ref idref="oc-127"/>
      </symbol>
      <symbol id="sm-413">
         <name>_unlock</name>
         <value>0x200005d8</value>
         <object_component_ref idref="oc-127"/>
      </symbol>
      <symbol id="sm-429">
         <name>atoi</name>
         <value>0x297d</value>
         <object_component_ref idref="oc-16b"/>
      </symbol>
      <symbol id="sm-434">
         <name>_ctypes_</name>
         <value>0x2eec</value>
         <object_component_ref idref="oc-1ff"/>
      </symbol>
      <symbol id="sm-449">
         <name>__TI_tmpnams</name>
         <value>0x2000070c</value>
      </symbol>
      <symbol id="sm-44a">
         <name>__aeabi_stdout</name>
         <value>0x200005c0</value>
         <object_component_ref idref="oc-368"/>
      </symbol>
      <symbol id="sm-44b">
         <name>__aeabi_stderr</name>
         <value>0x200005c4</value>
         <object_component_ref idref="oc-368"/>
      </symbol>
      <symbol id="sm-44c">
         <name>__aeabi_stdin</name>
         <value>0x200005bc</value>
         <object_component_ref idref="oc-368"/>
      </symbol>
      <symbol id="sm-44d">
         <name>_ftable</name>
         <value>0x20000400</value>
         <object_component_ref idref="oc-12a"/>
      </symbol>
      <symbol id="sm-44e">
         <name>__TI_ft_end</name>
         <value>0x200005b8</value>
         <object_component_ref idref="oc-368"/>
      </symbol>
      <symbol id="sm-45d">
         <name>ltoa</name>
         <value>0x288b</value>
         <object_component_ref idref="oc-21f"/>
      </symbol>
      <symbol id="sm-46d">
         <name>memccpy</name>
         <value>0x2e11</value>
         <object_component_ref idref="oc-194"/>
      </symbol>
      <symbol id="sm-47d">
         <name>memchr</name>
         <value>0x2db9</value>
         <object_component_ref idref="oc-287"/>
      </symbol>
      <symbol id="sm-506">
         <name>_sys_memory</name>
         <value>0x20000000</value>
         <object_component_ref idref="oc-26"/>
      </symbol>
      <symbol id="sm-507">
         <name>free</name>
         <value>0x1c51</value>
         <object_component_ref idref="oc-319"/>
      </symbol>
      <symbol id="sm-508">
         <name>memalign</name>
         <value>0x1819</value>
         <object_component_ref idref="oc-35b"/>
      </symbol>
      <symbol id="sm-509">
         <name>malloc</name>
         <value>0x2ed5</value>
         <object_component_ref idref="oc-31f"/>
      </symbol>
      <symbol id="sm-50a">
         <name>aligned_alloc</name>
         <value>0x1819</value>
         <object_component_ref idref="oc-35b"/>
      </symbol>
      <symbol id="sm-51a">
         <name>strchr</name>
         <value>0x2e5f</value>
         <object_component_ref idref="oc-256"/>
      </symbol>
      <symbol id="sm-528">
         <name>strlen</name>
         <value>0x2e89</value>
         <object_component_ref idref="oc-165"/>
      </symbol>
      <symbol id="sm-542">
         <name>write</name>
         <value>0x2d91</value>
         <object_component_ref idref="oc-293"/>
      </symbol>
      <symbol id="sm-553">
         <name>_stream</name>
         <value>0x20000568</value>
         <object_component_ref idref="oc-2f7"/>
      </symbol>
      <symbol id="sm-554">
         <name>_device</name>
         <value>0x200004f0</value>
         <object_component_ref idref="oc-338"/>
      </symbol>
      <symbol id="sm-567">
         <name>__stack</name>
         <value>0x2003fe00</value>
         <object_component_ref idref="oc-29"/>
      </symbol>
      <symbol id="sm-568">
         <name>_c_int00_noargs</name>
         <value>0x2c81</value>
         <object_component_ref idref="oc-55"/>
      </symbol>
      <symbol id="sm-57e">
         <name>__aeabi_errno_addr</name>
         <value>0x2ecd</value>
         <object_component_ref idref="oc-1a0"/>
      </symbol>
      <symbol id="sm-57f">
         <name>errno</name>
         <value>0x200005e4</value>
         <object_component_ref idref="oc-266"/>
      </symbol>
      <symbol id="sm-598">
         <name>wcslen</name>
         <value>0x2e9d</value>
         <object_component_ref idref="oc-19a"/>
      </symbol>
      <symbol id="sm-5b8">
         <name>frexpl</name>
         <value>0x259d</value>
         <object_component_ref idref="oc-24a"/>
      </symbol>
      <symbol id="sm-5b9">
         <name>frexp</name>
         <value>0x259d</value>
         <object_component_ref idref="oc-24a"/>
      </symbol>
      <symbol id="sm-5d6">
         <name>scalbn</name>
         <value>0x1a45</value>
         <object_component_ref idref="oc-250"/>
      </symbol>
      <symbol id="sm-5d7">
         <name>scalbnl</name>
         <value>0x1a45</value>
         <object_component_ref idref="oc-250"/>
      </symbol>
      <symbol id="sm-5d8">
         <name>ldexpl</name>
         <value>0x1a45</value>
         <object_component_ref idref="oc-250"/>
      </symbol>
      <symbol id="sm-5d9">
         <name>ldexp</name>
         <value>0x1a45</value>
         <object_component_ref idref="oc-250"/>
      </symbol>
      <symbol id="sm-5e9">
         <name>__TI_doflush</name>
         <value>0x2931</value>
         <object_component_ref idref="oc-28d"/>
      </symbol>
      <symbol id="sm-5f9">
         <name>__TI_cleanup</name>
         <value>0x2c19</value>
         <object_component_ref idref="oc-325"/>
      </symbol>
      <symbol id="sm-60b">
         <name>fseek</name>
         <value>0x2601</value>
         <object_component_ref idref="oc-2e5"/>
      </symbol>
      <symbol id="sm-615">
         <name>__aeabi_idiv0</name>
         <value>0x147f</value>
         <object_component_ref idref="oc-2b0"/>
      </symbol>
      <symbol id="sm-616">
         <name>__aeabi_ldiv0</name>
         <value>0x147f</value>
         <object_component_ref idref="oc-2b0"/>
      </symbol>
      <symbol id="sm-63e">
         <name>__TI_auto_init_nobinit_nopinit</name>
         <value>0x2ae1</value>
         <object_component_ref idref="oc-e6"/>
      </symbol>
      <symbol id="sm-648">
         <name>_system_pre_init</name>
         <value>0x2ee5</value>
         <object_component_ref idref="oc-97"/>
      </symbol>
      <symbol id="sm-65b">
         <name>HOSTclose</name>
         <value>0x2a59</value>
         <object_component_ref idref="oc-374"/>
      </symbol>
      <symbol id="sm-66c">
         <name>HOSTlseek</name>
         <value>0x2465</value>
         <object_component_ref idref="oc-386"/>
      </symbol>
      <symbol id="sm-67e">
         <name>parmbuf</name>
         <value>0x200007ac</value>
      </symbol>
      <symbol id="sm-67f">
         <name>HOSTopen</name>
         <value>0x26c9</value>
         <object_component_ref idref="oc-36e"/>
      </symbol>
      <symbol id="sm-690">
         <name>HOSTread</name>
         <value>0x2785</value>
         <object_component_ref idref="oc-37a"/>
      </symbol>
      <symbol id="sm-6a1">
         <name>HOSTrename</name>
         <value>0x23f9</value>
         <object_component_ref idref="oc-392"/>
      </symbol>
      <symbol id="sm-6b2">
         <name>HOSTunlink</name>
         <value>0x2a9d</value>
         <object_component_ref idref="oc-38c"/>
      </symbol>
      <symbol id="sm-6c3">
         <name>HOSTwrite</name>
         <value>0x27dd</value>
         <object_component_ref idref="oc-380"/>
      </symbol>
      <symbol id="sm-6e7">
         <name>__TI_readmsg</name>
         <value>0x2c4d</value>
         <object_component_ref idref="oc-3c1"/>
      </symbol>
      <symbol id="sm-6e8">
         <name>C$$IO$$</name>
         <value>0x2bd7</value>
         <object_component_ref idref="oc-3bb"/>
      </symbol>
      <symbol id="sm-6e9">
         <name>__CIOBUF_</name>
         <value>0x200005ec</value>
         <object_component_ref idref="oc-3ec"/>
      </symbol>
      <symbol id="sm-6ea">
         <name>__TI_writemsg</name>
         <value>0x2ba9</value>
         <object_component_ref idref="oc-3bb"/>
      </symbol>
      <symbol id="sm-6fb">
         <name>lseek</name>
         <value>0x2d69</value>
         <object_component_ref idref="oc-311"/>
      </symbol>
      <symbol id="sm-705">
         <name>copysign</name>
         <value>0x2e2d</value>
         <object_component_ref idref="oc-2c9"/>
      </symbol>
      <symbol id="sm-706">
         <name>copysignl</name>
         <value>0x2e2d</value>
         <object_component_ref idref="oc-2c9"/>
      </symbol>
      <symbol id="sm-71b">
         <name>__TI_closefile</name>
         <value>0x22a5</value>
         <object_component_ref idref="oc-362"/>
      </symbol>
      <symbol id="sm-73e">
         <name>finddevice</name>
         <value>0x2cb5</value>
         <object_component_ref idref="oc-40a"/>
      </symbol>
      <symbol id="sm-73f">
         <name>getdevice</name>
         <value>0x2b25</value>
         <object_component_ref idref="oc-3e2"/>
      </symbol>
      <symbol id="sm-74e">
         <name>strcmp</name>
         <value>0x2e47</value>
         <object_component_ref idref="oc-421"/>
      </symbol>
      <symbol id="sm-75c">
         <name>strcpy</name>
         <value>0x2e75</value>
         <object_component_ref idref="oc-3d5"/>
      </symbol>
      <symbol id="sm-76c">
         <name>strncpy</name>
         <value>0x2be1</value>
         <object_component_ref idref="oc-404"/>
      </symbol>
      <symbol id="sm-781">
         <name>close</name>
         <value>0x2729</value>
         <object_component_ref idref="oc-3aa"/>
      </symbol>
      <symbol id="sm-791">
         <name>unlink</name>
         <value>0x2d15</value>
         <object_component_ref idref="oc-3b0"/>
      </symbol>
      <symbol id="sm-792">
         <name>__TI_static_base__</name>
         <value>0x0</value>
      </symbol>
      <symbol id="sm-795">
         <name>__mpu_init</name>
         <value>0x0</value>
      </symbol>
      <symbol id="sm-796">
         <name>_system_post_cinit</name>
         <value>0x0</value>
      </symbol>
      <symbol id="sm-797">
         <name>NMI_Handler</name>
         <value>0x2ec9</value>
      </symbol>
      <symbol id="sm-798">
         <name>HardFault_Handler</name>
         <value>0x2ec9</value>
      </symbol>
      <symbol id="sm-799">
         <name>MemManage_Handler</name>
         <value>0x2ec9</value>
      </symbol>
      <symbol id="sm-79a">
         <name>BusFault_Handler</name>
         <value>0x2ec9</value>
      </symbol>
      <symbol id="sm-79b">
         <name>UsageFault_Handler</name>
         <value>0x2ec9</value>
      </symbol>
      <symbol id="sm-79c">
         <name>SVC_Handler</name>
         <value>0x2ec9</value>
      </symbol>
      <symbol id="sm-79d">
         <name>DebugMon_Handler</name>
         <value>0x2ec9</value>
      </symbol>
      <symbol id="sm-79e">
         <name>PendSV_Handler</name>
         <value>0x2ec9</value>
      </symbol>
      <symbol id="sm-79f">
         <name>SysTick_Handler</name>
         <value>0x2ec9</value>
      </symbol>
      <symbol id="sm-7a0">
         <name>PSS_IRQHandler</name>
         <value>0x2ec9</value>
      </symbol>
      <symbol id="sm-7a1">
         <name>CS_IRQHandler</name>
         <value>0x2ec9</value>
      </symbol>
      <symbol id="sm-7a2">
         <name>PCM_IRQHandler</name>
         <value>0x2ec9</value>
      </symbol>
      <symbol id="sm-7a3">
         <name>WDT_A_IRQHandler</name>
         <value>0x2ec9</value>
      </symbol>
      <symbol id="sm-7a4">
         <name>FPU_IRQHandler</name>
         <value>0x2ec9</value>
      </symbol>
      <symbol id="sm-7a5">
         <name>FLCTL_A_IRQHandler</name>
         <value>0x2ec9</value>
      </symbol>
      <symbol id="sm-7a6">
         <name>COMP_E0_IRQHandler</name>
         <value>0x2ec9</value>
      </symbol>
      <symbol id="sm-7a7">
         <name>COMP_E1_IRQHandler</name>
         <value>0x2ec9</value>
      </symbol>
      <symbol id="sm-7a8">
         <name>TA0_0_IRQHandler</name>
         <value>0x1fa7</value>
      </symbol>
      <symbol id="sm-7a9">
         <name>TA0_N_IRQHandler</name>
         <value>0x2ec9</value>
      </symbol>
      <symbol id="sm-7aa">
         <name>TA1_0_IRQHandler</name>
         <value>0x2ec9</value>
      </symbol>
      <symbol id="sm-7ab">
         <name>TA1_N_IRQHandler</name>
         <value>0x2ec9</value>
      </symbol>
      <symbol id="sm-7ac">
         <name>TA2_0_IRQHandler</name>
         <value>0x2ec9</value>
      </symbol>
      <symbol id="sm-7ad">
         <name>TA2_N_IRQHandler</name>
         <value>0x2ec9</value>
      </symbol>
      <symbol id="sm-7ae">
         <name>TA3_0_IRQHandler</name>
         <value>0x2ec9</value>
      </symbol>
      <symbol id="sm-7af">
         <name>TA3_N_IRQHandler</name>
         <value>0x2ec9</value>
      </symbol>
      <symbol id="sm-7b0">
         <name>EUSCIA0_IRQHandler</name>
         <value>0x2ec9</value>
      </symbol>
      <symbol id="sm-7b1">
         <name>EUSCIA1_IRQHandler</name>
         <value>0x2ec9</value>
      </symbol>
      <symbol id="sm-7b2">
         <name>EUSCIA2_IRQHandler</name>
         <value>0x2ec9</value>
      </symbol>
      <symbol id="sm-7b3">
         <name>EUSCIA3_IRQHandler</name>
         <value>0x2ec9</value>
      </symbol>
      <symbol id="sm-7b4">
         <name>EUSCIB0_IRQHandler</name>
         <value>0x2ec9</value>
      </symbol>
      <symbol id="sm-7b5">
         <name>EUSCIB1_IRQHandler</name>
         <value>0x2ec9</value>
      </symbol>
      <symbol id="sm-7b6">
         <name>EUSCIB2_IRQHandler</name>
         <value>0x2ec9</value>
      </symbol>
      <symbol id="sm-7b7">
         <name>EUSCIB3_IRQHandler</name>
         <value>0x2ec9</value>
      </symbol>
      <symbol id="sm-7b8">
         <name>ADC14_IRQHandler</name>
         <value>0x2ec9</value>
      </symbol>
      <symbol id="sm-7b9">
         <name>T32_INT1_IRQHandler</name>
         <value>0x2ec9</value>
      </symbol>
      <symbol id="sm-7ba">
         <name>T32_INT2_IRQHandler</name>
         <value>0x2ec9</value>
      </symbol>
      <symbol id="sm-7bb">
         <name>T32_INTC_IRQHandler</name>
         <value>0x2ec9</value>
      </symbol>
      <symbol id="sm-7bc">
         <name>AES256_IRQHandler</name>
         <value>0x2ec9</value>
      </symbol>
      <symbol id="sm-7bd">
         <name>RTC_C_IRQHandler</name>
         <value>0x2ec9</value>
      </symbol>
      <symbol id="sm-7be">
         <name>DMA_ERR_IRQHandler</name>
         <value>0x2ec9</value>
      </symbol>
      <symbol id="sm-7bf">
         <name>DMA_INT3_IRQHandler</name>
         <value>0x2ec9</value>
      </symbol>
      <symbol id="sm-7c0">
         <name>DMA_INT2_IRQHandler</name>
         <value>0x2ec9</value>
      </symbol>
      <symbol id="sm-7c1">
         <name>DMA_INT1_IRQHandler</name>
         <value>0x2ec9</value>
      </symbol>
      <symbol id="sm-7c2">
         <name>DMA_INT0_IRQHandler</name>
         <value>0x2ec9</value>
      </symbol>
      <symbol id="sm-7c3">
         <name>PORT1_IRQHandler</name>
         <value>0x2ec9</value>
      </symbol>
      <symbol id="sm-7c4">
         <name>PORT2_IRQHandler</name>
         <value>0x2ec9</value>
      </symbol>
      <symbol id="sm-7c5">
         <name>PORT3_IRQHandler</name>
         <value>0x2ec9</value>
      </symbol>
      <symbol id="sm-7c6">
         <name>PORT4_IRQHandler</name>
         <value>0x2ec9</value>
      </symbol>
      <symbol id="sm-7c7">
         <name>PORT5_IRQHandler</name>
         <value>0x2ec9</value>
      </symbol>
      <symbol id="sm-7c8">
         <name>PORT6_IRQHandler</name>
         <value>0x2ec9</value>
      </symbol>
      <symbol id="sm-7c9">
         <name>LCD_F_IRQHandler</name>
         <value>0x2ec9</value>
      </symbol>
      <symbol id="sm-7ca">
         <name>remove</name>
         <value>0x2d15</value>
      </symbol>
   </symbol_table>
   <title>Link successful</title>
</link_info>
