******************************************************************************
                  TI ARM Linker Unix v18.12.4                  
******************************************************************************
>> Linked Fri Feb 14 20:17:41 2020

OUTPUT FILE NAME:   <UART_echo_9600.out>
ENTRY POINT SYMBOL: "_c_int00_noargs"  address: 00000665


MEMORY CONFIGURATION

         name            origin    length      used     unused   attr    fill
----------------------  --------  ---------  --------  --------  ----  --------
  MAIN                  00000000   00200000  000006d4  001ff92c  R  X
  INFO                  00200000   00008000  00000000  00008000  R  X
  SRAM_CODE             01000000   00040000  00000204  0003fdfc  RW X
  SRAM_DATA             20000000   00040000  00000204  0003fdfc  RW  


SEGMENT ALLOCATION MAP

run origin  load origin   length   init length attrs members
----------  ----------- ---------- ----------- ----- -------
00000000    00000000    000006d8   000006d8    r-x
  00000000    00000000    000000e8   000000e8    r-- .intvecs
  000000e8    000000e8    000005d4   000005d4    r-x .text
  000006c0    000006c0    00000018   00000018    r-- .cinit
20000000    20000000    00000004   00000000    rw-
  20000000    20000000    00000004   00000000    rw- .data
2003fe00    2003fe00    00000200   00000000    rw-
  2003fe00    2003fe00    00000200   00000000    rw- .stack


SECTION ALLOCATION MAP

 output                                  attributes/
section   page    origin      length       input sections
--------  ----  ----------  ----------   ----------------
.intvecs   0    00000000    000000e8     
                  00000000    000000e8     startup_msp432p4111_ccs.obj (.intvecs:retain)

.text      0    000000e8    000005d4     
                  000000e8    00000350     system_msp432p4111.obj (.text)
                  00000438    000000e4     main.obj (.text)
                  0000051c    0000009c     rtsv7M4_T_le_v4SPD16_eabi.lib : memcpy_t2.asm.obj (.text)
                  000005b8    00000068                                   : copy_decompress_lzss.c.obj (.text:decompress:lzss:__TI_decompress_lzss)
                  00000620    00000044                                   : autoinit.c.obj (.text:__TI_auto_init_nobinit_nopinit:__TI_auto_init_nobinit_nopinit)
                  00000664    00000034                                   : boot_cortex_m.c.obj (.text:_c_int00_noargs:_c_int00_noargs)
                  00000698    0000000e                                   : copy_decompress_none.c.obj (.text:decompress:none:__TI_decompress_none)
                  000006a6    0000000e     startup_msp432p4111_ccs.obj (.text)
                  000006b4    00000004     rtsv7M4_T_le_v4SPD16_eabi.lib : pre_init.c.obj (.text:_system_pre_init)
                  000006b8    00000004                                   : exit.c.obj (.text:abort:abort)

.cinit     0    000006c0    00000018     
                  000006c0    00000008     (.cinit..data.load) [load image, compression = lzss]
                  000006c8    00000008     (__TI_handler_table)
                  000006d0    00000008     (__TI_cinit_table)

.init_array 
*          0    00000000    00000000     UNINITIALIZED

.binit     0    00000000    00000000     

.data      0    20000000    00000004     UNINITIALIZED
                  20000000    00000004     system_msp432p4111.obj (.data)

.stack     0    2003fe00    00000200     UNINITIALIZED
                  2003fe00    00000004     rtsv7M4_T_le_v4SPD16_eabi.lib : boot_cortex_m.c.obj (.stack)
                  2003fe04    000001fc     --HOLE--

MODULE SUMMARY

       Module                        code   ro data   rw data
       ------                        ----   -------   -------
    ./
       system_msp432p4111.obj        848    0         8      
       startup_msp432p4111_ccs.obj   14     232       0      
       main.obj                      228    0         0      
    +--+-----------------------------+------+---------+---------+
       Total:                        1090   232       8      
                                                             
    /Applications/ti/ccs930/ccs/tools/compiler/ti-cgt-arm_18.12.4.LTS/lib/rtsv7M4_T_le_v4SPD16_eabi.lib
       memcpy_t2.asm.obj             156    0         0      
       copy_decompress_lzss.c.obj    104    0         0      
       autoinit.c.obj                68     0         0      
       boot_cortex_m.c.obj           52     0         0      
       copy_decompress_none.c.obj    14     0         0      
       exit.c.obj                    4      0         0      
       pre_init.c.obj                4      0         0      
    +--+-----------------------------+------+---------+---------+
       Total:                        402    0         0      
                                                             
       Stack:                        0      0         1024   
       Linker Generated:             0      24        0      
    +--+-----------------------------+------+---------+---------+
       Grand Total:                  1492   256       1032   


LINKER GENERATED COPY TABLES

__TI_cinit_table @ 000006d0 records: 1, size/record: 8, table size: 8
	.data: load addr=000006c0, load size=00000008 bytes, run addr=20000000, run size=00000004 bytes, compression=lzss


LINKER GENERATED HANDLER TABLE

__TI_handler_table @ 000006c8 records: 2, size/record: 4, table size: 8
	index: 0, handler: __TI_decompress_lzss
	index: 1, handler: __TI_decompress_none


GLOBAL SYMBOLS: SORTED ALPHABETICALLY BY Name 

address   name                          
-------   ----                          
000006b3  ADC14_IRQHandler              
000006b3  AES256_IRQHandler             
000006b3  BusFault_Handler              
000006b9  C$$EXIT                       
000006b3  COMP_E0_IRQHandler            
000006b3  COMP_E1_IRQHandler            
000006b3  CS_IRQHandler                 
000006b3  DMA_ERR_IRQHandler            
000006b3  DMA_INT0_IRQHandler           
000006b3  DMA_INT1_IRQHandler           
000006b3  DMA_INT2_IRQHandler           
000006b3  DMA_INT3_IRQHandler           
000006b3  DebugMon_Handler              
000006b3  Default_Handler               
000004c9  EUSCIA0_IRQHandler            
000004c9  EUSCIA0_IRQHandler            
000006b3  EUSCIA1_IRQHandler            
000006b3  EUSCIA2_IRQHandler            
000006b3  EUSCIA3_IRQHandler            
000006b3  EUSCIB0_IRQHandler            
000006b3  EUSCIB1_IRQHandler            
000006b3  EUSCIB2_IRQHandler            
000006b3  EUSCIB3_IRQHandler            
000006b3  FLCTL_A_IRQHandler            
000006b3  FPU_IRQHandler                
000006b3  HardFault_Handler             
000006b3  LCD_F_IRQHandler              
000006b3  MemManage_Handler             
000006b3  NMI_Handler                   
000006b3  PCM_IRQHandler                
000006b3  PORT1_IRQHandler              
000006b3  PORT2_IRQHandler              
000006b3  PORT3_IRQHandler              
000006b3  PORT4_IRQHandler              
000006b3  PORT5_IRQHandler              
000006b3  PORT6_IRQHandler              
000006b3  PSS_IRQHandler                
000006b3  PendSV_Handler                
000006b3  RTC_C_IRQHandler              
000006a7  Reset_Handler                 
000006b3  SVC_Handler                   
000006b3  SysTick_Handler               
20000000  SystemCoreClock               
000000e9  SystemCoreClockUpdate         
00000361  SystemInit                    
000006b3  T32_INT1_IRQHandler           
000006b3  T32_INT2_IRQHandler           
000006b3  T32_INTC_IRQHandler           
000006b3  TA0_0_IRQHandler              
000006b3  TA0_N_IRQHandler              
000006b3  TA1_0_IRQHandler              
000006b3  TA1_N_IRQHandler              
000006b3  TA2_0_IRQHandler              
000006b3  TA2_N_IRQHandler              
000006b3  TA3_0_IRQHandler              
000006b3  TA3_N_IRQHandler              
000006b3  UsageFault_Handler            
4000480c  WDTCTL_SYM                    
000006b3  WDT_A_IRQHandler              
20040000  __STACK_END                   
00000200  __STACK_SIZE                  
000006d0  __TI_CINIT_Base               
000006d8  __TI_CINIT_Limit              
000006c8  __TI_Handler_Table_Base       
000006d0  __TI_Handler_Table_Limit      
00000621  __TI_auto_init_nobinit_nopinit
000005b9  __TI_decompress_lzss          
00000699  __TI_decompress_none          
ffffffff  __TI_pprof_out_hndl           
ffffffff  __TI_prof_data_size           
ffffffff  __TI_prof_data_start          
00000000  __TI_static_base__            
0000051d  __aeabi_memcpy                
0000051d  __aeabi_memcpy4               
0000051d  __aeabi_memcpy8               
ffffffff  __binit__                     
ffffffff  __c_args__                    
UNDEFED   __mpu_init                    
2003fe00  __stack                       
00000665  _c_int00_noargs               
UNDEFED   _system_post_cinit            
000006b5  _system_pre_init              
000006b9  abort                         
ffffffff  binit                         
00000000  interruptVectors              
00000439  main                          
0000051d  memcpy                        


GLOBAL SYMBOLS: SORTED BY Symbol Address 

address   name                          
-------   ----                          
00000000  __TI_static_base__            
00000000  interruptVectors              
000000e9  SystemCoreClockUpdate         
00000200  __STACK_SIZE                  
00000361  SystemInit                    
00000439  main                          
000004c9  EUSCIA0_IRQHandler            
000004c9  EUSCIA0_IRQHandler            
0000051d  __aeabi_memcpy                
0000051d  __aeabi_memcpy4               
0000051d  __aeabi_memcpy8               
0000051d  memcpy                        
000005b9  __TI_decompress_lzss          
00000621  __TI_auto_init_nobinit_nopinit
00000665  _c_int00_noargs               
00000699  __TI_decompress_none          
000006a7  Reset_Handler                 
000006b3  ADC14_IRQHandler              
000006b3  AES256_IRQHandler             
000006b3  BusFault_Handler              
000006b3  COMP_E0_IRQHandler            
000006b3  COMP_E1_IRQHandler            
000006b3  CS_IRQHandler                 
000006b3  DMA_ERR_IRQHandler            
000006b3  DMA_INT0_IRQHandler           
000006b3  DMA_INT1_IRQHandler           
000006b3  DMA_INT2_IRQHandler           
000006b3  DMA_INT3_IRQHandler           
000006b3  DebugMon_Handler              
000006b3  Default_Handler               
000006b3  EUSCIA1_IRQHandler            
000006b3  EUSCIA2_IRQHandler            
000006b3  EUSCIA3_IRQHandler            
000006b3  EUSCIB0_IRQHandler            
000006b3  EUSCIB1_IRQHandler            
000006b3  EUSCIB2_IRQHandler            
000006b3  EUSCIB3_IRQHandler            
000006b3  FLCTL_A_IRQHandler            
000006b3  FPU_IRQHandler                
000006b3  HardFault_Handler             
000006b3  LCD_F_IRQHandler              
000006b3  MemManage_Handler             
000006b3  NMI_Handler                   
000006b3  PCM_IRQHandler                
000006b3  PORT1_IRQHandler              
000006b3  PORT2_IRQHandler              
000006b3  PORT3_IRQHandler              
000006b3  PORT4_IRQHandler              
000006b3  PORT5_IRQHandler              
000006b3  PORT6_IRQHandler              
000006b3  PSS_IRQHandler                
000006b3  PendSV_Handler                
000006b3  RTC_C_IRQHandler              
000006b3  SVC_Handler                   
000006b3  SysTick_Handler               
000006b3  T32_INT1_IRQHandler           
000006b3  T32_INT2_IRQHandler           
000006b3  T32_INTC_IRQHandler           
000006b3  TA0_0_IRQHandler              
000006b3  TA0_N_IRQHandler              
000006b3  TA1_0_IRQHandler              
000006b3  TA1_N_IRQHandler              
000006b3  TA2_0_IRQHandler              
000006b3  TA2_N_IRQHandler              
000006b3  TA3_0_IRQHandler              
000006b3  TA3_N_IRQHandler              
000006b3  UsageFault_Handler            
000006b3  WDT_A_IRQHandler              
000006b5  _system_pre_init              
000006b9  C$$EXIT                       
000006b9  abort                         
000006c8  __TI_Handler_Table_Base       
000006d0  __TI_CINIT_Base               
000006d0  __TI_Handler_Table_Limit      
000006d8  __TI_CINIT_Limit              
20000000  SystemCoreClock               
2003fe00  __stack                       
20040000  __STACK_END                   
4000480c  WDTCTL_SYM                    
ffffffff  __TI_pprof_out_hndl           
ffffffff  __TI_prof_data_size           
ffffffff  __TI_prof_data_start          
ffffffff  __binit__                     
ffffffff  __c_args__                    
ffffffff  binit                         
UNDEFED   __mpu_init                    
UNDEFED   _system_post_cinit            

[87 symbols]
