******************************************************************************
                  TI ARM Linker Unix v18.12.4                  
******************************************************************************
>> Linked Fri Mar  6 16:41:24 2020

OUTPUT FILE NAME:   <SPI_Communication.out>
ENTRY POINT SYMBOL: "_c_int00_noargs"  address: 000006cd


MEMORY CONFIGURATION

         name            origin    length      used     unused   attr    fill
----------------------  --------  ---------  --------  --------  ----  --------
  MAIN                  00000000   00200000  00000770  001ff890  R  X
  INFO                  00200000   00008000  00000000  00008000  R  X
  SRAM_CODE             01000000   00040000  00000206  0003fdfa  RW X
  SRAM_DATA             20000000   00040000  00000206  0003fdfa  RW  


SEGMENT ALLOCATION MAP

run origin  load origin   length   init length attrs members
----------  ----------- ---------- ----------- ----- -------
00000000    00000000    00000770   00000770    r-x
  00000000    00000000    000000e8   000000e8    r-- .intvecs
  000000e8    000000e8    00000658   00000658    r-x .text
  00000740    00000740    00000030   00000030    r-- .cinit
20000000    20000000    00000006   00000000    rw-
  20000000    20000000    00000005   00000000    rw- .data
  20000005    20000005    00000001   00000000    rw- .bss
2003fe00    2003fe00    00000200   00000000    rw-
  2003fe00    2003fe00    00000200   00000000    rw- .stack


SECTION ALLOCATION MAP

 output                                  attributes/
section   page    origin      length       input sections
--------  ----  ----------  ----------   ----------------
.intvecs   0    00000000    000000e8     
                  00000000    000000e8     startup_msp432p4111_ccs.obj (.intvecs:retain)

.text      0    000000e8    00000658     
                  000000e8    00000350     system_msp432p4111.obj (.text)
                  00000438    0000014c     main.obj (.text)
                  00000584    0000009c     rtsv7M4_T_le_v4SPD16_eabi.lib : memcpy_t2.asm.obj (.text)
                  00000620    00000068                                   : copy_decompress_lzss.c.obj (.text:decompress:lzss:__TI_decompress_lzss)
                  00000688    00000044                                   : autoinit.c.obj (.text:__TI_auto_init_nobinit_nopinit:__TI_auto_init_nobinit_nopinit)
                  000006cc    00000034                                   : boot_cortex_m.c.obj (.text:_c_int00_noargs:_c_int00_noargs)
                  00000700    0000001c                                   : copy_zero_init.c.obj (.text:decompress:ZI:__TI_zero_init_nomemset:__TI_zero_init_nomemset)
                  0000071c    0000000e                                   : copy_decompress_none.c.obj (.text:decompress:none:__TI_decompress_none)
                  0000072a    0000000e     startup_msp432p4111_ccs.obj (.text)
                  00000738    00000004     rtsv7M4_T_le_v4SPD16_eabi.lib : pre_init.c.obj (.text:_system_pre_init)
                  0000073c    00000004                                   : exit.c.obj (.text:abort:abort)

.cinit     0    00000740    00000030     
                  00000740    0000000c     (__TI_handler_table)
                  0000074c    00000009     (.cinit..data.load) [load image, compression = lzss]
                  00000755    00000003     --HOLE-- [fill = 0]
                  00000758    00000008     (.cinit..bss.load) [load image, compression = zero_init]
                  00000760    00000010     (__TI_cinit_table)

.init_array 
*          0    00000000    00000000     UNINITIALIZED

.binit     0    00000000    00000000     

.data      0    20000000    00000005     UNINITIALIZED
                  20000000    00000004     system_msp432p4111.obj (.data)
                  20000004    00000001     main.obj (.data)

.bss       0    20000005    00000001     UNINITIALIZED
                  20000005    00000001     main.obj (.bss)

.stack     0    2003fe00    00000200     UNINITIALIZED
                  2003fe00    00000004     rtsv7M4_T_le_v4SPD16_eabi.lib : boot_cortex_m.c.obj (.stack)
                  2003fe04    000001fc     --HOLE--

MODULE SUMMARY

       Module                        code   ro data   rw data
       ------                        ----   -------   -------
    ./
       system_msp432p4111.obj        848    0         8      
       main.obj                      332    0         4      
       startup_msp432p4111_ccs.obj   14     232       0      
    +--+-----------------------------+------+---------+---------+
       Total:                        1194   232       12     
                                                             
    /Applications/ti/ccs930/ccs/tools/compiler/ti-cgt-arm_18.12.4.LTS/lib/rtsv7M4_T_le_v4SPD16_eabi.lib
       memcpy_t2.asm.obj             156    0         0      
       copy_decompress_lzss.c.obj    104    0         0      
       autoinit.c.obj                68     0         0      
       boot_cortex_m.c.obj           52     0         0      
       copy_zero_init.c.obj          28     0         0      
       copy_decompress_none.c.obj    14     0         0      
       exit.c.obj                    4      0         0      
       pre_init.c.obj                4      0         0      
    +--+-----------------------------+------+---------+---------+
       Total:                        430    0         0      
                                                             
       Stack:                        0      0         1024   
       Linker Generated:             0      45        0      
    +--+-----------------------------+------+---------+---------+
       Grand Total:                  1624   277       1036   


LINKER GENERATED COPY TABLES

__TI_cinit_table @ 00000760 records: 2, size/record: 8, table size: 16
	.data: load addr=0000074c, load size=00000009 bytes, run addr=20000000, run size=00000005 bytes, compression=lzss
	.bss: load addr=00000758, load size=00000008 bytes, run addr=20000005, run size=00000001 bytes, compression=zero_init


LINKER GENERATED HANDLER TABLE

__TI_handler_table @ 00000740 records: 3, size/record: 4, table size: 12
	index: 0, handler: __TI_decompress_lzss
	index: 1, handler: __TI_decompress_none
	index: 2, handler: __TI_zero_init


GLOBAL SYMBOLS: SORTED ALPHABETICALLY BY Name 

address   name                          
-------   ----                          
00000737  ADC14_IRQHandler              
00000737  AES256_IRQHandler             
00000737  BusFault_Handler              
0000073d  C$$EXIT                       
00000737  COMP_E0_IRQHandler            
00000737  COMP_E1_IRQHandler            
00000737  CS_IRQHandler                 
00000737  DMA_ERR_IRQHandler            
00000737  DMA_INT0_IRQHandler           
00000737  DMA_INT1_IRQHandler           
00000737  DMA_INT2_IRQHandler           
00000737  DMA_INT3_IRQHandler           
00000737  DebugMon_Handler              
00000737  Default_Handler               
00000737  EUSCIA0_IRQHandler            
00000737  EUSCIA1_IRQHandler            
00000737  EUSCIA2_IRQHandler            
00000737  EUSCIA3_IRQHandler            
00000511  EUSCIB0_IRQHandler            
00000511  EUSCIB0_IRQHandler            
00000737  EUSCIB1_IRQHandler            
00000737  EUSCIB2_IRQHandler            
00000737  EUSCIB3_IRQHandler            
00000737  FLCTL_A_IRQHandler            
00000737  FPU_IRQHandler                
00000737  HardFault_Handler             
00000737  LCD_F_IRQHandler              
00000737  MemManage_Handler             
00000737  NMI_Handler                   
00000737  PCM_IRQHandler                
00000737  PORT1_IRQHandler              
00000737  PORT2_IRQHandler              
00000737  PORT3_IRQHandler              
00000737  PORT4_IRQHandler              
00000737  PORT5_IRQHandler              
00000737  PORT6_IRQHandler              
00000737  PSS_IRQHandler                
00000737  PendSV_Handler                
00000737  RTC_C_IRQHandler              
0000072b  Reset_Handler                 
00000737  SVC_Handler                   
00000737  SysTick_Handler               
20000000  SystemCoreClock               
000000e9  SystemCoreClockUpdate         
00000361  SystemInit                    
00000737  T32_INT1_IRQHandler           
00000737  T32_INT2_IRQHandler           
00000737  T32_INTC_IRQHandler           
00000737  TA0_0_IRQHandler              
00000737  TA0_N_IRQHandler              
00000737  TA1_0_IRQHandler              
00000737  TA1_N_IRQHandler              
00000737  TA2_0_IRQHandler              
00000737  TA2_N_IRQHandler              
00000737  TA3_0_IRQHandler              
00000737  TA3_N_IRQHandler              
00000737  UsageFault_Handler            
4000480c  WDTCTL_SYM                    
00000737  WDT_A_IRQHandler              
20040000  __STACK_END                   
00000200  __STACK_SIZE                  
00000760  __TI_CINIT_Base               
00000770  __TI_CINIT_Limit              
00000740  __TI_Handler_Table_Base       
0000074c  __TI_Handler_Table_Limit      
00000689  __TI_auto_init_nobinit_nopinit
00000621  __TI_decompress_lzss          
0000071d  __TI_decompress_none          
ffffffff  __TI_pprof_out_hndl           
ffffffff  __TI_prof_data_size           
ffffffff  __TI_prof_data_start          
00000000  __TI_static_base__            
00000701  __TI_zero_init_nomemset       
00000585  __aeabi_memcpy                
00000585  __aeabi_memcpy4               
00000585  __aeabi_memcpy8               
ffffffff  __binit__                     
ffffffff  __c_args__                    
UNDEFED   __mpu_init                    
2003fe00  __stack                       
000006cd  _c_int00_noargs               
UNDEFED   _system_post_cinit            
00000739  _system_pre_init              
0000073d  abort                         
ffffffff  binit                         
00000000  interruptVectors              
00000439  main                          
00000585  memcpy                        


GLOBAL SYMBOLS: SORTED BY Symbol Address 

address   name                          
-------   ----                          
00000000  __TI_static_base__            
00000000  interruptVectors              
000000e9  SystemCoreClockUpdate         
00000200  __STACK_SIZE                  
00000361  SystemInit                    
00000439  main                          
00000511  EUSCIB0_IRQHandler            
00000511  EUSCIB0_IRQHandler            
00000585  __aeabi_memcpy                
00000585  __aeabi_memcpy4               
00000585  __aeabi_memcpy8               
00000585  memcpy                        
00000621  __TI_decompress_lzss          
00000689  __TI_auto_init_nobinit_nopinit
000006cd  _c_int00_noargs               
00000701  __TI_zero_init_nomemset       
0000071d  __TI_decompress_none          
0000072b  Reset_Handler                 
00000737  ADC14_IRQHandler              
00000737  AES256_IRQHandler             
00000737  BusFault_Handler              
00000737  COMP_E0_IRQHandler            
00000737  COMP_E1_IRQHandler            
00000737  CS_IRQHandler                 
00000737  DMA_ERR_IRQHandler            
00000737  DMA_INT0_IRQHandler           
00000737  DMA_INT1_IRQHandler           
00000737  DMA_INT2_IRQHandler           
00000737  DMA_INT3_IRQHandler           
00000737  DebugMon_Handler              
00000737  Default_Handler               
00000737  EUSCIA0_IRQHandler            
00000737  EUSCIA1_IRQHandler            
00000737  EUSCIA2_IRQHandler            
00000737  EUSCIA3_IRQHandler            
00000737  EUSCIB1_IRQHandler            
00000737  EUSCIB2_IRQHandler            
00000737  EUSCIB3_IRQHandler            
00000737  FLCTL_A_IRQHandler            
00000737  FPU_IRQHandler                
00000737  HardFault_Handler             
00000737  LCD_F_IRQHandler              
00000737  MemManage_Handler             
00000737  NMI_Handler                   
00000737  PCM_IRQHandler                
00000737  PORT1_IRQHandler              
00000737  PORT2_IRQHandler              
00000737  PORT3_IRQHandler              
00000737  PORT4_IRQHandler              
00000737  PORT5_IRQHandler              
00000737  PORT6_IRQHandler              
00000737  PSS_IRQHandler                
00000737  PendSV_Handler                
00000737  RTC_C_IRQHandler              
00000737  SVC_Handler                   
00000737  SysTick_Handler               
00000737  T32_INT1_IRQHandler           
00000737  T32_INT2_IRQHandler           
00000737  T32_INTC_IRQHandler           
00000737  TA0_0_IRQHandler              
00000737  TA0_N_IRQHandler              
00000737  TA1_0_IRQHandler              
00000737  TA1_N_IRQHandler              
00000737  TA2_0_IRQHandler              
00000737  TA2_N_IRQHandler              
00000737  TA3_0_IRQHandler              
00000737  TA3_N_IRQHandler              
00000737  UsageFault_Handler            
00000737  WDT_A_IRQHandler              
00000739  _system_pre_init              
0000073d  C$$EXIT                       
0000073d  abort                         
00000740  __TI_Handler_Table_Base       
0000074c  __TI_Handler_Table_Limit      
00000760  __TI_CINIT_Base               
00000770  __TI_CINIT_Limit              
20000000  SystemCoreClock               
2003fe00  __stack                       
20040000  __STACK_END                   
4000480c  WDTCTL_SYM                    
ffffffff  __TI_pprof_out_hndl           
ffffffff  __TI_prof_data_size           
ffffffff  __TI_prof_data_start          
ffffffff  __binit__                     
ffffffff  __c_args__                    
ffffffff  binit                         
UNDEFED   __mpu_init                    
UNDEFED   _system_post_cinit            

[88 symbols]
